[17:48:43.107] [VOICE_CMD] Disabled (set BLINDNAV_VOICE_INPUT=1 to enable)
[17:48:43.463] [VOICE] URGENT: "Obstacle, 0.8 meters"
[17:48:44.332] [TTC]  tv#0(f5) ahead: dist=66cm vel=-7.9cm/s TTC=8.4s tier=NONE ego=OK
[17:48:44.335] [TTC]  tv#0(f5) ahead: dist=66cm vel=-6.6cm/s TTC=10.1s tier=NONE ego=OK
[17:48:44.535] [TTC]  tv#0(f6) ahead: dist=66cm vel=-5.9cm/s TTC=11.2s tier=NONE ego=OK
[17:48:44.735] [TTC]  tv#0(f7) ahead: dist=66cm vel=-6.0cm/s TTC=11.0s tier=NONE ego=OK
[17:48:44.930] [TTC]  tv#0(f8) ahead: dist=66cm vel=-8.2cm/s TTC=8.0s tier=NONE ego=OK
[17:48:46.037] [TTC]  tv#0(f14) ahead: dist=66cm vel=-6.3cm/s TTC=10.5s tier=NONE ego=OK
[17:48:46.203] [TTC]  tv#0(f15) ahead: dist=66cm vel=-9.4cm/s TTC=7.0s tier=AWARE ego=OK
[17:48:46.399] [LATENCY] label=URGENT text="Obstacle, 0.8 meters" event_created=1779299323.463 enqueued=0.000s tts_start=0.001s play_start=0.032s play_end=2.936s queue_wait=0.001s synth=0.031s launch_wait=0.000s mode=clip_alert cache=hit cold_stream=yes silence_ms=220
[17:48:46.400] [VOICE] WARN: "obstacle ahead, 0.8 meters"
[17:48:48.141] [VOICE] Dropped CLEAR (busy_audio_channel): "path clear"
[17:48:48.360] [VOICE] Dropped CLEAR (busy_audio_channel): "person moved away"
[17:48:49.098] [VOICE] Dropped CLEAR (busy_audio_channel): "path clear"
[17:48:49.374] [LATENCY] label=WARN text="obstacle ahead, 0.8 meters" event_created=1779299326.206 enqueued=0.000s tts_start=0.195s play_start=0.202s play_end=3.168s queue_wait=0.195s synth=0.006s launch_wait=0.000s mode=clip_alert cache=hit cold_stream=no silence_ms=0
[17:48:49.376] [VOICE] URGENT: "Obstacle, 0.8 meters"
[17:48:50.701] [VOICE_POLICY] person#12(f3) on your right: dist=165cm raw_vel=-113.0cm/s eff_vel=0.0cm/s ttc=n/a score=7.4 tier=NONE reason=no_actionable_distance_or_ttc user=moving ego=BAD
[17:48:51.134] [VOICE] Dropped AWARE (busy_audio_channel): "person on your right, 1.4 meters"
[17:48:51.134] [VOICE_POLICY] person#16(f3) on your right: dist=139cm raw_vel=-286.2cm/s eff_vel=0.0cm/s ttc=n/a score=19.2 tier=AWARENESS reason=side_pass_awareness user=moving ego=BAD
[17:48:51.368] [VOICE_POLICY] person#15(f3) on your left: dist=214cm raw_vel=-232.8cm/s eff_vel=0.0cm/s ttc=n/a score=4.7 tier=NONE reason=no_actionable_distance_or_ttc user=moving ego=BAD
[17:48:51.404] [VOICE_POLICY] person#15(f3) on your left: dist=202cm raw_vel=-183.1cm/s eff_vel=0.0cm/s ttc=n/a score=5.4 tier=NONE reason=no_actionable_distance_or_ttc user=moving ego=BAD
[17:48:52.071] [LATENCY] label=URGENT text="Obstacle, 0.8 meters" event_created=1779299329.100 enqueued=0.000s tts_start=0.300s play_start=0.304s play_end=2.971s queue_wait=0.300s synth=0.003s launch_wait=0.000s mode=clip_alert cache=hit cold_stream=no silence_ms=0
[17:48:52.101] [VOICE] AWARE: "Busy area, 4 objects"
[17:48:52.269] [VOICE_POLICY] person#20(f3) on your left: dist=105cm raw_vel=0.0cm/s eff_vel=0.0cm/s ttc=n/a score=49.5 tier=WARNING reason=side_pass_warning user=moving ego=BAD
[17:48:52.539] [VOICE_POLICY] person#20(f3) on your left: dist=75cm raw_vel=-56.9cm/s eff_vel=0.0cm/s ttc=n/a score=64.5 tier=WARNING reason=side_pass_warning user=moving ego=BAD
[17:48:52.773] [VOICE_POLICY] person#12(f8) on your right: dist=112cm raw_vel=-110.2cm/s eff_vel=0.0cm/s ttc=n/a score=34.1 tier=AWARENESS reason=side_pass_awareness user=moving ego=BAD
[17:48:52.810] [VOICE_POLICY] person#12(f8) on your right: dist=107cm raw_vel=-84.7cm/s eff_vel=0.0cm/s ttc=n/a score=53.4 tier=WARNING reason=side_pass_warning user=moving ego=BAD
[17:48:53.733] [VOICE_POLICY] person#12(f12) ahead: dist=168cm raw_vel=32.8cm/s eff_vel=0.0cm/s ttc=n/a score=7.3 tier=NONE reason=no_actionable_distance_or_ttc user=moving ego=BAD
[17:48:54.141] [VOICE_POLICY] person#12(f14) on your left: dist=225cm raw_vel=0.0cm/s eff_vel=0.0cm/s ttc=n/a score=3.8 tier=NONE reason=no_actionable_distance_or_ttc user=moving ego=BAD
[17:48:54.178] [VOICE_POLICY] person#12(f14) on your left: dist=142cm raw_vel=0.0cm/s eff_vel=0.0cm/s ttc=n/a score=16.0 tier=AWARENESS reason=side_pass_awareness user=moving ego=BAD
[17:48:54.381] [LATENCY] label=AWARE text="Busy area, 4 objects" event_created=1779299332.102 enqueued=0.000s tts_start=0.001s play_start=0.008s play_end=2.250s queue_wait=0.001s synth=0.007s launch_wait=0.000s mode=clip_alert cache=hit cold_stream=no silence_ms=0
[17:48:54.384] [VOICE] WARN: "person on your left, 0.5 meters"
[17:48:54.642] [VOICE_POLICY] person#25(f3) on your left: dist=127cm raw_vel=-17.1cm/s eff_vel=0.0cm/s ttc=n/a score=23.5 tier=AWARENESS reason=side_pass_awareness user=moving ego=BAD
[17:48:54.914] [VOICE_POLICY] person#25(f4) on your left: dist=107cm raw_vel=-34.1cm/s eff_vel=0.0cm/s ttc=n/a score=48.5 tier=WARNING reason=side_pass_warning user=moving ego=BAD
[17:48:55.166] [VOICE_POLICY] person#25(f5) on your left: dist=88cm raw_vel=-54.6cm/s eff_vel=0.0cm/s ttc=n/a score=58.0 tier=WARNING reason=side_pass_warning user=moving ego=BAD
[17:48:56.107] [VOICE] Dropped CLEAR (busy_audio_channel): "person moved away"
[17:48:56.108] [VOICE_POLICY] person#25(f6) on your left: dist=115cm raw_vel=103.4cm/s eff_vel=0.0cm/s ttc=n/a score=29.5 tier=AWARENESS reason=side_pass_awareness user=moving ego=BAD
[17:48:56.369] [VOICE_POLICY] person#21(f14) ahead: dist=87cm raw_vel=-46.4cm/s eff_vel=0.0cm/s ttc=n/a score=34.7 tier=NONE reason=no_actionable_distance_or_ttc user=moving ego=BAD
[17:48:57.139] [VOICE_POLICY] person#21(f17) on your left: dist=579cm raw_vel=0.0cm/s eff_vel=0.0cm/s ttc=n/a score=0.0 tier=NONE reason=beyond_voice_distance user=moving ego=BAD
[17:48:57.144] [VOICE_POLICY] person#21(f17) on your left: dist=548cm raw_vel=0.0cm/s eff_vel=0.0cm/s ttc=n/a score=0.0 tier=NONE reason=beyond_voice_distance user=moving ego=BAD
[17:48:57.374] [VOICE_POLICY] person#21(f17) on your left: dist=531cm raw_vel=-211.1cm/s eff_vel=0.0cm/s ttc=n/a score=0.0 tier=NONE reason=beyond_voice_distance user=moving ego=BAD
[17:48:57.380] [VOICE_POLICY] person#21(f17) on your left: dist=487cm raw_vel=-240.6cm/s eff_vel=0.0cm/s ttc=n/a score=0.0 tier=NONE reason=beyond_voice_distance user=moving ego=BAD
[17:48:57.634] [VOICE_POLICY] person#21(f17) on your left: dist=376cm raw_vel=-265.3cm/s eff_vel=0.0cm/s ttc=n/a score=0.0 tier=NONE reason=beyond_voice_distance user=moving ego=BAD
[17:48:57.806] [LATENCY] label=WARN text="person on your left, 0.5 meters" event_created=1779299333.970 enqueued=0.000s tts_start=0.437s play_start=0.464s play_end=3.836s queue_wait=0.437s synth=0.028s launch_wait=0.000s mode=clip_alert cache=hit cold_stream=no silence_ms=0
[17:48:57.807] [VOICE] URGENT: "person on your left, 0.5 meters"
[17:49:00.414] [TTC]  tv#34(f3) on your right: dist=150cm vel=-103.3cm/s TTC=1.5s tier=URGENT ego=OK
[17:49:00.747] [TTC]  tv#34(f3) on your right: dist=135cm vel=-33.5cm/s TTC=4.0s tier=AWARE ego=OK
[17:49:01.139] [VOICE_POLICY] tv#37(f4) on your right: dist=98cm raw_vel=42.3cm/s eff_vel=42.3cm/s ttc=n/a score=3.8 tier=NONE reason=no_actionable_distance_or_ttc user=moving ego=OK
[17:49:01.142] [VOICE_POLICY] tv#37(f4) on your right: dist=85cm raw_vel=42.5cm/s eff_vel=42.5cm/s ttc=n/a score=4.8 tier=NONE reason=no_actionable_distance_or_ttc user=moving ego=OK
[17:49:01.205] [LATENCY] label=URGENT text="person on your left, 0.5 meters" event_created=1779299336.978 enqueued=0.000s tts_start=0.833s play_start=0.837s play_end=4.228s queue_wait=0.833s synth=0.004s launch_wait=0.000s mode=clip_alert cache=hit cold_stream=no silence_ms=0
[17:49:01.206] [VOICE] URGENT: "obstacle on your right, 1.7 meters"
[17:49:04.683] [LATENCY] label=URGENT text="obstacle on your right, 1.7 meters" event_created=1779299340.415 enqueued=0.000s tts_start=0.792s play_start=0.929s play_end=4.268s queue_wait=0.792s synth=0.137s launch_wait=0.000s mode=clip_alert cache=hit cold_stream=no silence_ms=0
[17:49:04.683] [VOICE] URGENT: "Obstacle, 0.8 meters"
[17:49:07.282] [LATENCY] label=URGENT text="Obstacle, 0.8 meters" event_created=1779299343.485 enqueued=0.000s tts_start=1.200s play_start=1.206s play_end=3.797s queue_wait=1.200s synth=0.005s launch_wait=0.000s mode=clip_alert cache=hit cold_stream=no silence_ms=0
[17:49:08.285] [VOICE] URGENT: "person on your right, 0.5 meters"
[17:49:09.257] [VOICE] Dropped CLEAR (busy_audio_channel): "person stopped, 7.4 meters away"
[17:49:11.082] [VOICE] Dropped CLEAR (busy_audio_channel): "path clear"
[17:49:11.082] [VOICE_POLICY] person#51(f6) on your right: dist=740cm raw_vel=0.0cm/s eff_vel=0.0cm/s ttc=n/a score=0.0 tier=NONE reason=beyond_voice_distance user=moving ego=BAD
[17:49:11.253] [VOICE_POLICY] person#51(f6) on your right: dist=548cm raw_vel=0.0cm/s eff_vel=0.0cm/s ttc=n/a score=0.0 tier=NONE reason=beyond_voice_distance user=moving ego=BAD
[17:49:11.278] [VOICE_POLICY] person#51(f6) on your right: dist=479cm raw_vel=0.0cm/s eff_vel=0.0cm/s ttc=n/a score=0.0 tier=NONE reason=beyond_voice_distance user=moving ego=BAD
[17:49:11.448] [VOICE_POLICY] person#51(f6) on your right: dist=491cm raw_vel=-242.9cm/s eff_vel=0.0cm/s ttc=n/a score=0.0 tier=NONE reason=beyond_voice_distance user=moving ego=BAD
[17:49:11.455] [VOICE_POLICY] person#51(f6) on your right: dist=585cm raw_vel=-55.0cm/s eff_vel=0.0cm/s ttc=n/a score=0.0 tier=NONE reason=beyond_voice_distance user=moving ego=BAD
[17:49:11.566] [LATENCY] label=URGENT text="person on your right, 0.5 meters" event_created=1779299348.286 enqueued=0.000s tts_start=0.001s play_start=0.026s play_end=3.281s queue_wait=0.001s synth=0.026s launch_wait=0.000s mode=clip_alert cache=hit cold_stream=no silence_ms=0
[17:49:11.567] [VOICE] URGENT: "Obstacle, 0.5 meters"
[17:49:11.786] [VOICE] Dropped AWARE (busy_audio_channel): "Busy area, 4 objects"
[17:49:11.786] [VOICE_POLICY] person#51(f6) on your right: dist=620cm raw_vel=89.1cm/s eff_vel=0.0cm/s ttc=n/a score=0.0 tier=NONE reason=beyond_voice_distance user=moving ego=BAD
[17:49:11.791] [VOICE_POLICY] person#54(f3) ahead: dist=706cm raw_vel=-110.2cm/s eff_vel=0.0cm/s ttc=n/a score=0.0 tier=NONE reason=beyond_voice_distance user=moving ego=BAD
[17:49:11.989] [VOICE_POLICY] person#54(f4) ahead: dist=675cm raw_vel=-145.1cm/s eff_vel=0.0cm/s ttc=n/a score=0.0 tier=NONE reason=beyond_voice_distance user=moving ego=BAD
[17:49:12.185] [VOICE_POLICY] person#54(f4) ahead: dist=653cm raw_vel=-181.3cm/s eff_vel=0.0cm/s ttc=n/a score=0.0 tier=NONE reason=beyond_voice_distance user=moving ego=BAD
[17:49:12.191] [VOICE_POLICY] person#54(f4) ahead: dist=614cm raw_vel=-199.2cm/s eff_vel=0.0cm/s ttc=n/a score=0.0 tier=NONE reason=beyond_voice_distance user=moving ego=BAD
[17:49:12.358] [VOICE_POLICY] person#54(f4) ahead: dist=558cm raw_vel=-240.0cm/s eff_vel=0.0cm/s ttc=n/a score=0.0 tier=NONE reason=beyond_voice_distance user=moving ego=BAD
[17:49:12.558] [VOICE_POLICY] person#54(f5) ahead: dist=499cm raw_vel=-285.9cm/s eff_vel=0.0cm/s ttc=n/a score=0.0 tier=NONE reason=beyond_voice_distance user=moving ego=BAD
[17:49:12.783] [VOICE_POLICY] person#54(f6) ahead: dist=458cm raw_vel=-266.9cm/s eff_vel=0.0cm/s ttc=n/a score=0.0 tier=NONE reason=beyond_voice_distance user=moving ego=BAD
[17:49:12.982] [VOICE_POLICY] person#54(f7) ahead: dist=398cm raw_vel=-239.9cm/s eff_vel=0.0cm/s ttc=n/a score=0.0 tier=NONE reason=beyond_voice_distance user=moving ego=BAD
[17:49:14.913] [LATENCY] label=URGENT text="Obstacle, 0.5 meters" event_created=1779299349.620 enqueued=0.000s tts_start=2.015s play_start=2.035s play_end=4.827s queue_wait=2.015s synth=0.020s launch_wait=0.000s mode=clip_alert cache=hit cold_stream=no silence_ms=0
[17:49:21.554] [VOICE] URGENT: "Obstacle, 0.2 meters"
[17:49:22.828] [VOICE_POLICY] person#60(f5) ahead: dist=706cm raw_vel=0.0cm/s eff_vel=0.0cm/s ttc=n/a score=0.0 tier=NONE reason=beyond_voice_distance user=moving ego=BAD
[17:49:22.833] [VOICE_POLICY] person#60(f5) ahead: dist=660cm raw_vel=-312.4cm/s eff_vel=0.0cm/s ttc=n/a score=0.0 tier=NONE reason=beyond_voice_distance user=moving ego=BAD
[17:49:23.026] [VOICE_POLICY] person#60(f5) ahead: dist=646cm raw_vel=-279.2cm/s eff_vel=0.0cm/s ttc=n/a score=0.0 tier=NONE reason=beyond_voice_distance user=moving ego=BAD
[17:49:23.031] [VOICE_POLICY] person#60(f5) ahead: dist=511cm raw_vel=-379.4cm/s eff_vel=0.0cm/s ttc=n/a score=0.0 tier=NONE reason=beyond_voice_distance user=moving ego=BAD
[17:49:23.227] [VOICE_POLICY] person#60(f5) ahead: dist=507cm raw_vel=-458.7cm/s eff_vel=0.0cm/s ttc=n/a score=0.0 tier=NONE reason=beyond_voice_distance user=moving ego=BAD
[17:49:23.230] [VOICE_POLICY] person#60(f5) ahead: dist=608cm raw_vel=-350.3cm/s eff_vel=0.0cm/s ttc=n/a score=0.0 tier=NONE reason=beyond_voice_distance user=moving ego=BAD
[17:49:23.462] [VOICE_POLICY] person#60(f5) ahead: dist=553cm raw_vel=-210.3cm/s eff_vel=0.0cm/s ttc=n/a score=0.0 tier=NONE reason=beyond_voice_distance user=moving ego=BAD
[17:49:24.399] [LATENCY] label=URGENT text="Obstacle, 0.2 meters" event_created=1779299361.554 enqueued=0.000s tts_start=0.001s play_start=0.015s play_end=2.845s queue_wait=0.001s synth=0.013s launch_wait=0.001s mode=clip_alert cache=hit cold_stream=yes silence_ms=220
[17:49:24.400] [VOICE] URGENT: "person ahead, 0.5 meters"
[17:49:27.433] [LATENCY] label=URGENT text="person ahead, 0.5 meters" event_created=1779299362.663 enqueued=0.000s tts_start=1.740s play_start=1.771s play_end=4.769s queue_wait=1.740s synth=0.031s launch_wait=0.000s mode=clip_alert cache=hit cold_stream=no silence_ms=0
[17:49:38.436] [VOICE_POLICY] person#65(f6) on your left: dist=511cm raw_vel=-298.6cm/s eff_vel=-298.6cm/s ttc=1.7s score=600.0 tier=NONE reason=beyond_voice_distance user=moving ego=OK
[17:49:38.437] [TTC]  person#65(f6) on your left: dist=511cm vel=-298.6cm/s TTC=1.7s tier=URGENT ego=OK
[17:49:38.440] [VOICE_POLICY] person#65(f6) on your left: dist=491cm raw_vel=-303.2cm/s eff_vel=-303.2cm/s ttc=1.6s score=600.0 tier=NONE reason=beyond_voice_distance user=moving ego=OK
[17:49:38.440] [TTC]  person#65(f6) on your left: dist=491cm vel=-303.2cm/s TTC=1.6s tier=URGENT ego=OK
[17:49:38.606] [VOICE_POLICY] person#65(f7) on your left: dist=476cm raw_vel=-279.7cm/s eff_vel=-279.7cm/s ttc=1.7s score=600.0 tier=NONE reason=beyond_voice_distance user=moving ego=OK
[17:49:38.606] [TTC]  person#65(f7) on your left: dist=476cm vel=-279.7cm/s TTC=1.7s tier=URGENT ego=OK
[17:49:38.609] [VOICE_POLICY] person#65(f7) on your left: dist=435cm raw_vel=-287.5cm/s eff_vel=-287.5cm/s ttc=1.5s score=600.0 tier=NONE reason=beyond_voice_distance user=moving ego=OK
[17:49:38.609] [TTC]  person#65(f7) on your left: dist=435cm vel=-287.5cm/s TTC=1.5s tier=URGENT ego=OK
[17:49:38.807] [VOICE_POLICY] person#65(f8) on your left: dist=391cm raw_vel=-263.7cm/s eff_vel=0.0cm/s ttc=n/a score=0.0 tier=NONE reason=beyond_voice_distance user=moving ego=BAD
[17:49:39.136] [VOICE_POLICY] person#65(f9) on your left: dist=731cm raw_vel=0.0cm/s eff_vel=0.0cm/s ttc=n/a score=0.0 tier=NONE reason=beyond_voice_distance user=moving ego=BAD
[17:49:39.141] [VOICE_POLICY] person#65(f9) on your left: dist=714cm raw_vel=0.0cm/s eff_vel=0.0cm/s ttc=n/a score=0.0 tier=NONE reason=beyond_voice_distance user=moving ego=BAD
[17:49:39.340] [VOICE_POLICY] person#65(f9) on your left: dist=615cm raw_vel=-168.8cm/s eff_vel=0.0cm/s ttc=n/a score=0.0 tier=NONE reason=beyond_voice_distance user=moving ego=BAD
[17:49:39.509] [VOICE_POLICY] person#65(f9) on your left: dist=645cm raw_vel=-153.2cm/s eff_vel=0.0cm/s ttc=n/a score=0.0 tier=NONE reason=beyond_voice_distance user=moving ego=BAD
[17:49:39.874] [VOICE_POLICY] person#65(f9) on your left: dist=682cm raw_vel=79.5cm/s eff_vel=0.0cm/s ttc=n/a score=0.0 tier=NONE reason=beyond_voice_distance user=moving ego=BAD
[17:49:56.649] [VOICE_POLICY] person#70(f4) ahead: dist=-1cm raw_vel=0.0cm/s eff_vel=0.0cm/s ttc=n/a score=0.0 tier=NONE reason=beyond_voice_distance user=moving ego=BAD
[17:49:57.750] [VOICE_POLICY] person#70(f9) ahead: dist=758cm raw_vel=0.0cm/s eff_vel=0.0cm/s ttc=n/a score=0.0 tier=NONE reason=beyond_voice_distance user=moving ego=BAD
[17:49:57.917] [VOICE_POLICY] person#70(f10) ahead: dist=731cm raw_vel=0.0cm/s eff_vel=0.0cm/s ttc=n/a score=0.0 tier=NONE reason=beyond_voice_distance user=moving ego=BAD
[17:49:57.920] [VOICE_POLICY] person#70(f10) ahead: dist=690cm raw_vel=-192.6cm/s eff_vel=0.0cm/s ttc=n/a score=0.0 tier=NONE reason=beyond_voice_distance user=moving ego=BAD
[17:49:58.085] [VOICE_POLICY] person#70(f11) ahead: dist=675cm raw_vel=-257.8cm/s eff_vel=0.0cm/s ttc=n/a score=0.0 tier=NONE reason=beyond_voice_distance user=moving ego=BAD
[17:49:58.088] [VOICE_POLICY] person#70(f11) ahead: dist=615cm raw_vel=-328.8cm/s eff_vel=0.0cm/s ttc=n/a score=0.0 tier=NONE reason=beyond_voice_distance user=moving ego=BAD
[17:49:58.254] [VOICE_POLICY] person#70(f12) ahead: dist=585cm raw_vel=-322.4cm/s eff_vel=0.0cm/s ttc=n/a score=0.0 tier=NONE reason=beyond_voice_distance user=moving ego=BAD
[17:49:58.455] [VOICE_POLICY] person#70(f13) ahead: dist=511cm raw_vel=-277.3cm/s eff_vel=0.0cm/s ttc=n/a score=0.0 tier=NONE reason=beyond_voice_distance user=moving ego=BAD
[17:49:58.653] [VOICE_POLICY] person#70(f14) ahead: dist=472cm raw_vel=-281.6cm/s eff_vel=0.0cm/s ttc=n/a score=0.0 tier=NONE reason=beyond_voice_distance user=moving ego=BAD
[17:49:58.816] [VOICE_POLICY] person#70(f15) ahead: dist=442cm raw_vel=-288.3cm/s eff_vel=0.0cm/s ttc=n/a score=0.0 tier=NONE reason=beyond_voice_distance user=moving ego=BAD
[17:49:58.819] [VOICE_POLICY] person#70(f15) ahead: dist=381cm raw_vel=-309.3cm/s eff_vel=0.0cm/s ttc=n/a score=0.0 tier=NONE reason=beyond_voice_distance user=moving ego=BAD
[17:49:58.991] [VOICE_POLICY] person#70(f15) ahead: dist=326cm raw_vel=-387.1cm/s eff_vel=0.0cm/s ttc=n/a score=0.0 tier=NONE reason=beyond_voice_distance user=moving ego=BAD
[17:49:59.184] [VOICE_POLICY] person#70(f15) ahead: dist=320cm raw_vel=-359.1cm/s eff_vel=0.0cm/s ttc=n/a score=0.0 tier=NONE reason=no_actionable_distance_or_ttc user=moving ego=BAD
[17:49:59.189] [VOICE_POLICY] person#70(f15) ahead: dist=278cm raw_vel=-317.0cm/s eff_vel=0.0cm/s ttc=n/a score=1.2 tier=NONE reason=no_actionable_distance_or_ttc user=moving ego=BAD
[17:49:59.353] [VOICE_POLICY] person#72(f3) on your left: dist=271cm raw_vel=-249.1cm/s eff_vel=0.0cm/s ttc=n/a score=1.6 tier=NONE reason=no_actionable_distance_or_ttc user=moving ego=BAD
[17:49:59.358] [VOICE_POLICY] person#72(f3) on your left: dist=231cm raw_vel=-262.9cm/s eff_vel=0.0cm/s ttc=n/a score=3.8 tier=NONE reason=no_actionable_distance_or_ttc user=moving ego=BAD
[17:49:59.555] [VOICE_POLICY] person#72(f4) on your left: dist=165cm raw_vel=-289.9cm/s eff_vel=0.0cm/s ttc=n/a score=7.4 tier=NONE reason=no_actionable_distance_or_ttc user=moving ego=BAD
[17:49:59.886] [VOICE_POLICY] person#72(f4) on your left: dist=568cm raw_vel=0.0cm/s eff_vel=0.0cm/s ttc=n/a score=0.0 tier=NONE reason=beyond_voice_distance user=moving ego=BAD
[17:49:59.891] [VOICE_POLICY] person#72(f4) on your left: dist=574cm raw_vel=0.0cm/s eff_vel=0.0cm/s ttc=n/a score=0.0 tier=NONE reason=beyond_voice_distance user=moving ego=BAD
[17:50:00.222] [VOICE_POLICY] person#72(f4) on your left: dist=465cm raw_vel=-124.6cm/s eff_vel=0.0cm/s ttc=n/a score=0.0 tier=NONE reason=beyond_voice_distance user=moving ego=BAD
[17:50:00.385] [VOICE_POLICY] person#72(f4) on your left: dist=520cm raw_vel=-200.7cm/s eff_vel=0.0cm/s ttc=n/a score=0.0 tier=NONE reason=beyond_voice_distance user=moving ego=BAD
[17:50:11.159] [VOICE_POLICY] person#77(f3) ahead: dist=722cm raw_vel=0.0cm/s eff_vel=0.0cm/s ttc=n/a score=0.0 tier=NONE reason=beyond_voice_distance user=moving ego=BAD
[17:50:11.164] [VOICE_POLICY] person#77(f3) ahead: dist=675cm raw_vel=-272.0cm/s eff_vel=0.0cm/s ttc=n/a score=0.0 tier=NONE reason=beyond_voice_distance user=moving ego=BAD
[17:50:11.360] [VOICE_POLICY] person#77(f3) ahead: dist=690cm raw_vel=-284.6cm/s eff_vel=0.0cm/s ttc=n/a score=0.0 tier=NONE reason=beyond_voice_distance user=moving ego=BAD
[17:50:11.364] [VOICE_POLICY] person#77(f3) ahead: dist=646cm raw_vel=-288.9cm/s eff_vel=0.0cm/s ttc=n/a score=0.0 tier=NONE reason=beyond_voice_distance user=moving ego=BAD
[17:50:11.531] [VOICE_POLICY] person#77(f3) ahead: dist=574cm raw_vel=-207.8cm/s eff_vel=0.0cm/s ttc=n/a score=0.0 tier=NONE reason=beyond_voice_distance user=moving ego=BAD
[17:50:11.737] [VOICE_POLICY] person#77(f3) ahead: dist=516cm raw_vel=-325.0cm/s eff_vel=0.0cm/s ttc=n/a score=0.0 tier=NONE reason=beyond_voice_distance user=moving ego=BAD
[17:50:11.995] [VOICE_POLICY] person#77(f3) ahead: dist=495cm raw_vel=-345.2cm/s eff_vel=0.0cm/s ttc=n/a score=0.0 tier=NONE reason=beyond_voice_distance user=moving ego=BAD
[17:50:11.999] [VOICE_POLICY] person#77(f3) ahead: dist=456cm raw_vel=-302.2cm/s eff_vel=0.0cm/s ttc=n/a score=0.0 tier=NONE reason=beyond_voice_distance user=moving ego=BAD
[17:50:12.163] [VOICE_POLICY] person#79(f6) ahead: dist=415cm raw_vel=-287.0cm/s eff_vel=0.0cm/s ttc=n/a score=0.0 tier=NONE reason=beyond_voice_distance user=moving ego=BAD
[17:50:12.166] [VOICE_POLICY] person#79(f6) ahead: dist=367cm raw_vel=-290.5cm/s eff_vel=0.0cm/s ttc=n/a score=0.0 tier=NONE reason=beyond_voice_distance user=moving ego=BAD
[17:50:12.361] [VOICE_POLICY] person#79(f7) ahead: dist=339cm raw_vel=-347.4cm/s eff_vel=0.0cm/s ttc=n/a score=0.0 tier=NONE reason=beyond_voice_distance user=moving ego=BAD
[17:50:12.364] [VOICE_POLICY] person#79(f7) ahead: dist=310cm raw_vel=-376.2cm/s eff_vel=0.0cm/s ttc=n/a score=0.0 tier=NONE reason=no_actionable_distance_or_ttc user=moving ego=BAD
[17:50:12.529] [VOICE_POLICY] person#79(f8) ahead: dist=298cm raw_vel=-343.2cm/s eff_vel=0.0cm/s ttc=n/a score=0.1 tier=NONE reason=no_actionable_distance_or_ttc user=moving ego=BAD
[17:50:12.532] [VOICE_POLICY] person#79(f8) ahead: dist=244cm raw_vel=-326.7cm/s eff_vel=0.0cm/s ttc=n/a score=3.1 tier=NONE reason=no_actionable_distance_or_ttc user=moving ego=BAD
[17:50:12.697] [VOICE_POLICY] person#79(f9) ahead: dist=239cm raw_vel=-306.5cm/s eff_vel=0.0cm/s ttc=n/a score=3.4 tier=NONE reason=no_actionable_distance_or_ttc user=moving ego=BAD
[17:50:12.701] [VOICE_POLICY] person#79(f9) ahead: dist=194cm raw_vel=-313.7cm/s eff_vel=0.0cm/s ttc=n/a score=5.8 tier=NONE reason=no_actionable_distance_or_ttc user=moving ego=BAD
[17:50:12.934] [VOICE_POLICY] person#79(f10) ahead: dist=149cm raw_vel=-268.0cm/s eff_vel=0.0cm/s ttc=n/a score=0.6 tier=NONE reason=no_actionable_distance_or_ttc user=moving ego=BAD
[17:50:13.130] [VOICE] URGENT: "Stop! person ahead, 1.4 meters"
[17:50:13.130] [TTC]  person#79(f10) ahead: dist=140cm vel=-244.0cm/s TTC=0.6s tier=URGENT ego=OK
[17:50:13.136] [TTC]  person#79(f10) ahead: dist=89cm vel=-185.3cm/s TTC=0.5s tier=URGENT ego=OK
[17:50:13.430] [VOICE_POLICY] person#80(f3) ahead: dist=76cm raw_vel=-136.2cm/s eff_vel=0.0cm/s ttc=n/a score=40.7 tier=NONE reason=no_actionable_distance_or_ttc user=moving ego=BAD
[17:50:13.435] [VOICE_POLICY] person#80(f3) on your left: dist=76cm raw_vel=0.0cm/s eff_vel=0.0cm/s ttc=n/a score=70.4 tier=WARNING reason=side_pass_warning user=moving ego=BAD
[17:50:13.628] [VOICE_POLICY] person#79(f10) ahead: dist=516cm raw_vel=0.0cm/s eff_vel=0.0cm/s ttc=n/a score=0.0 tier=NONE reason=beyond_voice_distance user=moving ego=BAD
[17:50:13.634] [VOICE_POLICY] person#79(f10) ahead: dist=503cm raw_vel=0.0cm/s eff_vel=0.0cm/s ttc=n/a score=0.0 tier=NONE reason=beyond_voice_distance user=moving ego=BAD
[17:50:13.828] [VOICE_POLICY] person#79(f10) ahead: dist=574cm raw_vel=150.4cm/s eff_vel=0.0cm/s ttc=n/a score=0.0 tier=NONE reason=beyond_voice_distance user=moving ego=BAD
[17:50:13.993] [VOICE_POLICY] person#80(f3) on your left: dist=596cm raw_vel=394.4cm/s eff_vel=0.0cm/s ttc=n/a score=0.0 tier=NONE reason=beyond_voice_distance user=moving ego=BAD
[17:50:14.161] [VOICE_POLICY] person#80(f3) on your left: dist=543cm raw_vel=8.8cm/s eff_vel=0.0cm/s ttc=n/a score=0.0 tier=NONE reason=beyond_voice_distance user=moving ego=BAD
[17:50:14.329] [VOICE_POLICY] person#80(f3) on your left: dist=639cm raw_vel=-8.1cm/s eff_vel=0.0cm/s ttc=n/a score=0.0 tier=NONE reason=beyond_voice_distance user=moving ego=BAD
[17:50:16.546] [LATENCY] label=URGENT text="Stop! person ahead, 1.4 meters" event_created=1779299413.130 enqueued=0.000s tts_start=0.001s play_start=0.029s play_end=3.415s queue_wait=0.001s synth=0.029s launch_wait=0.000s mode=clip_alert cache=hit cold_stream=yes silence_ms=220
[17:50:16.568] [VOICE] Expired (3.4s old, TTL=3.0s): "Stop! person ahead, 0.8 meters"
[17:50:16.569] [VOICE] WARN: "Watch out, person on your left, 0.8 meters"
[17:50:20.543] [LATENCY] label=WARN text="Watch out, person on your left, 0.8 mete" event_created=1779299413.435 enqueued=0.000s tts_start=3.134s play_start=3.158s play_end=7.108s queue_wait=3.134s synth=0.024s launch_wait=0.000s mode=clip_alert cache=hit cold_stream=no silence_ms=0
[17:50:29.644] [VOICE_POLICY] person#83(f5) on your right: dist=645cm raw_vel=-208.0cm/s eff_vel=0.0cm/s ttc=n/a score=0.0 tier=NONE reason=beyond_voice_distance user=moving ego=BAD
[17:50:29.872] [VOICE_POLICY] person#83(f5) on your right: dist=706cm raw_vel=-81.6cm/s eff_vel=0.0cm/s ttc=n/a score=0.0 tier=NONE reason=beyond_voice_distance user=moving ego=BAD
[17:50:29.877] [VOICE_POLICY] person#83(f5) on your right: dist=558cm raw_vel=-148.0cm/s eff_vel=0.0cm/s ttc=n/a score=0.0 tier=NONE reason=beyond_voice_distance user=moving ego=BAD
[17:50:30.109] [VOICE_POLICY] person#83(f5) on your right: dist=499cm raw_vel=-297.0cm/s eff_vel=0.0cm/s ttc=n/a score=0.0 tier=NONE reason=beyond_voice_distance user=moving ego=BAD
[17:50:30.313] [VOICE_POLICY] person#83(f5) on your right: dist=516cm raw_vel=-195.8cm/s eff_vel=0.0cm/s ttc=n/a score=0.0 tier=NONE reason=beyond_voice_distance user=moving ego=BAD
[17:50:30.546] [VOICE_POLICY] person#83(f5) on your right: dist=461cm raw_vel=-110.1cm/s eff_vel=0.0cm/s ttc=n/a score=0.0 tier=NONE reason=beyond_voice_distance user=moving ego=BAD
[17:50:30.774] [VOICE_POLICY] person#84(f4) on your right: dist=563cm raw_vel=-135.6cm/s eff_vel=0.0cm/s ttc=n/a score=0.0 tier=NONE reason=beyond_voice_distance user=moving ego=BAD
[17:50:30.779] [VOICE_POLICY] person#84(f4) on your right: dist=538cm raw_vel=-129.9cm/s eff_vel=0.0cm/s ttc=n/a score=0.0 tier=NONE reason=beyond_voice_distance user=moving ego=BAD
[17:50:31.845] [VOICE_POLICY] person#85(f3) on your left: dist=409cm raw_vel=-136.2cm/s eff_vel=0.0cm/s ttc=n/a score=0.0 tier=NONE reason=beyond_voice_distance user=moving ego=BAD
[17:50:31.850] [VOICE_POLICY] person#85(f3) on your left: dist=388cm raw_vel=-157.6cm/s eff_vel=0.0cm/s ttc=n/a score=0.0 tier=NONE reason=beyond_voice_distance user=moving ego=BAD
[17:50:32.111] [VOICE_POLICY] person#85(f3) on your left: dist=351cm raw_vel=-155.7cm/s eff_vel=0.0cm/s ttc=n/a score=0.0 tier=NONE reason=beyond_voice_distance user=moving ego=BAD
[17:50:32.478] [VOICE_POLICY] person#85(f3) on your left: dist=320cm raw_vel=-100.2cm/s eff_vel=0.0cm/s ttc=n/a score=0.0 tier=NONE reason=no_actionable_distance_or_ttc user=moving ego=BAD
[17:50:32.844] [VOICE_POLICY] person#86(f6) on your right: dist=483cm raw_vel=-303.8cm/s eff_vel=0.0cm/s ttc=n/a score=0.0 tier=NONE reason=beyond_voice_distance user=moving ego=BAD
[17:50:33.041] [VOICE_POLICY] person#86(f6) on your right: dist=458cm raw_vel=-339.4cm/s eff_vel=0.0cm/s ttc=n/a score=0.0 tier=NONE reason=beyond_voice_distance user=moving ego=BAD
[17:51:08.671] [VOICE_POLICY] person#89(f3) on your left: dist=682cm raw_vel=0.0cm/s eff_vel=0.0cm/s ttc=n/a score=0.0 tier=NONE reason=beyond_voice_distance user=moving ego=BAD
[17:51:08.674] [VOICE_POLICY] person#89(f3) on your left: dist=633cm raw_vel=-69.8cm/s eff_vel=0.0cm/s ttc=n/a score=0.0 tier=NONE reason=beyond_voice_distance user=moving ego=BAD
[17:51:08.871] [VOICE_POLICY] person#89(f4) on your left: dist=626cm raw_vel=-128.5cm/s eff_vel=-128.5cm/s ttc=4.9s score=600.0 tier=NONE reason=beyond_voice_distance user=moving ego=OK
[17:51:08.871] [TTC]  person#89(f4) on your left: dist=626cm vel=-128.5cm/s TTC=4.9s tier=AWARE ego=OK
[17:51:08.874] [TTC]  person#89(f4) on your left: dist=639cm vel=-123.5cm/s TTC=5.2s tier=AWARE ego=OK
[17:51:09.075] [VOICE_POLICY] person#89(f4) on your left: dist=706cm raw_vel=14.7cm/s eff_vel=0.0cm/s ttc=n/a score=0.0 tier=NONE reason=beyond_voice_distance user=moving ego=OK
[17:51:09.503] [VOICE_POLICY] person#89(f4) on your left: dist=787cm raw_vel=120.5cm/s eff_vel=0.0cm/s ttc=n/a score=0.0 tier=NONE reason=beyond_voice_distance user=moving ego=BAD
[17:51:09.739] [VOICE_POLICY] person#89(f4) on your left: dist=758cm raw_vel=143.4cm/s eff_vel=0.0cm/s ttc=n/a score=0.0 tier=NONE reason=beyond_voice_distance user=moving ego=BAD
[17:51:09.938] [VOICE_POLICY] person#90(f5) on your left: dist=372cm raw_vel=-216.2cm/s eff_vel=0.0cm/s ttc=n/a score=0.0 tier=NONE reason=beyond_voice_distance user=moving ego=BAD
[17:51:09.941] [VOICE_POLICY] person#90(f5) on your left: dist=316cm raw_vel=-217.5cm/s eff_vel=0.0cm/s ttc=n/a score=0.0 tier=NONE reason=no_actionable_distance_or_ttc user=moving ego=BAD
[17:51:10.510] [VOICE_POLICY] person#90(f6) on your left: dist=714cm raw_vel=0.0cm/s eff_vel=0.0cm/s ttc=n/a score=0.0 tier=NONE reason=beyond_voice_distance user=moving ego=BAD
[17:51:10.513] [VOICE_POLICY] person#90(f6) on your left: dist=675cm raw_vel=0.0cm/s eff_vel=0.0cm/s ttc=n/a score=0.0 tier=NONE reason=beyond_voice_distance user=moving ego=BAD
[17:51:10.745] [VOICE_POLICY] person#90(f6) on your left: dist=620cm raw_vel=-112.4cm/s eff_vel=0.0cm/s ttc=n/a score=0.0 tier=NONE reason=beyond_voice_distance user=moving ego=BAD
[17:51:10.974] [VOICE_POLICY] person#90(f6) on your left: dist=582cm raw_vel=-200.8cm/s eff_vel=0.0cm/s ttc=n/a score=0.0 tier=NONE reason=beyond_voice_distance user=moving ego=BAD
[17:51:16.144] [VOICE_POLICY] person#93(f3) ahead: dist=777cm raw_vel=0.0cm/s eff_vel=0.0cm/s ttc=n/a score=0.0 tier=NONE reason=beyond_voice_distance user=moving ego=BAD
[17:51:16.513] [VOICE_POLICY] person#93(f5) ahead: dist=740cm raw_vel=-29.2cm/s eff_vel=0.0cm/s ttc=n/a score=0.0 tier=NONE reason=beyond_voice_distance user=moving ego=BAD
[17:51:16.680] [VOICE_POLICY] person#93(f6) ahead: dist=714cm raw_vel=-103.6cm/s eff_vel=0.0cm/s ttc=n/a score=0.0 tier=NONE reason=beyond_voice_distance user=moving ego=BAD
[17:51:16.877] [VOICE_POLICY] person#93(f7) ahead: dist=682cm raw_vel=-193.2cm/s eff_vel=0.0cm/s ttc=n/a score=0.0 tier=NONE reason=beyond_voice_distance user=moving ego=BAD
[17:51:17.080] [VOICE_POLICY] person#93(f8) ahead: dist=646cm raw_vel=-131.5cm/s eff_vel=0.0cm/s ttc=n/a score=0.0 tier=NONE reason=beyond_voice_distance user=moving ego=BAD
[17:51:17.246] [VOICE_POLICY] person#93(f9) ahead: dist=614cm raw_vel=-146.5cm/s eff_vel=0.0cm/s ttc=n/a score=0.0 tier=NONE reason=beyond_voice_distance user=moving ego=BAD
[17:51:17.413] [VOICE_POLICY] person#93(f10) ahead: dist=590cm raw_vel=-148.2cm/s eff_vel=0.0cm/s ttc=n/a score=0.0 tier=NONE reason=beyond_voice_distance user=moving ego=BAD
[17:51:17.585] [VOICE_POLICY] person#93(f11) ahead: dist=563cm raw_vel=-118.1cm/s eff_vel=0.0cm/s ttc=n/a score=0.0 tier=NONE reason=beyond_voice_distance user=moving ego=BAD
[17:51:17.783] [VOICE_POLICY] person#93(f11) ahead: dist=516cm raw_vel=-177.0cm/s eff_vel=0.0cm/s ttc=n/a score=0.0 tier=NONE reason=beyond_voice_distance user=moving ego=BAD
[17:51:17.982] [VOICE_POLICY] person#93(f11) ahead: dist=499cm raw_vel=-178.8cm/s eff_vel=0.0cm/s ttc=n/a score=0.0 tier=NONE reason=beyond_voice_distance user=moving ego=BAD
[17:51:18.346] [VOICE_POLICY] person#93(f12) ahead: dist=479cm raw_vel=-71.6cm/s eff_vel=0.0cm/s ttc=n/a score=0.0 tier=NONE reason=beyond_voice_distance user=moving ego=BAD
[17:51:18.715] [VOICE_POLICY] person#93(f14) ahead: dist=423cm raw_vel=-92.1cm/s eff_vel=0.0cm/s ttc=n/a score=0.0 tier=NONE reason=beyond_voice_distance user=moving ego=BAD
[17:51:18.720] [VOICE_POLICY] person#93(f14) ahead: dist=396cm raw_vel=-149.6cm/s eff_vel=0.0cm/s ttc=n/a score=0.0 tier=NONE reason=beyond_voice_distance user=moving ego=BAD
[17:51:18.914] [VOICE_POLICY] person#93(f15) ahead: dist=379cm raw_vel=-235.1cm/s eff_vel=0.0cm/s ttc=n/a score=0.0 tier=NONE reason=beyond_voice_distance user=moving ego=BAD
[17:51:19.142] [VOICE_POLICY] person#93(f16) ahead: dist=345cm raw_vel=-140.2cm/s eff_vel=0.0cm/s ttc=n/a score=0.0 tier=NONE reason=beyond_voice_distance user=moving ego=BAD
[17:51:19.322] [VOICE_POLICY] person#93(f17) ahead: dist=323cm raw_vel=-140.1cm/s eff_vel=0.0cm/s ttc=n/a score=0.0 tier=NONE reason=beyond_voice_distance user=moving ego=BAD
[17:51:19.516] [VOICE_POLICY] person#93(f18) ahead: dist=299cm raw_vel=-121.0cm/s eff_vel=0.0cm/s ttc=n/a score=0.1 tier=NONE reason=no_actionable_distance_or_ttc user=moving ego=BAD
[17:51:21.017] [VOICE_POLICY] person#93(f21) on your right: dist=437cm raw_vel=43.5cm/s eff_vel=0.0cm/s ttc=n/a score=0.0 tier=NONE reason=beyond_voice_distance user=moving ego=BAD
[17:51:35.023] [VOICE_POLICY] person#100(f3) on your left: dist=706cm raw_vel=-136.3cm/s eff_vel=0.0cm/s ttc=n/a score=0.0 tier=NONE reason=beyond_voice_distance user=moving ego=BAD
[17:51:35.199] [VOICE_POLICY] person#100(f3) on your left: dist=660cm raw_vel=-103.4cm/s eff_vel=0.0cm/s ttc=n/a score=0.0 tier=NONE reason=beyond_voice_distance user=moving ego=BAD
[17:51:35.458] [VOICE_POLICY] person#100(f4) on your left: dist=653cm raw_vel=-131.7cm/s eff_vel=0.0cm/s ttc=n/a score=0.0 tier=NONE reason=beyond_voice_distance user=moving ego=BAD
[17:51:35.462] [VOICE_POLICY] person#100(f4) on your left: dist=620cm raw_vel=-173.6cm/s eff_vel=0.0cm/s ttc=n/a score=0.0 tier=NONE reason=beyond_voice_distance user=moving ego=BAD
[17:51:35.662] [VOICE_POLICY] person#100(f5) on your left: dist=568cm raw_vel=-170.2cm/s eff_vel=0.0cm/s ttc=n/a score=0.0 tier=NONE reason=beyond_voice_distance user=moving ego=BAD
[17:51:35.861] [VOICE_POLICY] person#100(f6) on your left: dist=499cm raw_vel=-235.6cm/s eff_vel=0.0cm/s ttc=n/a score=0.0 tier=NONE reason=beyond_voice_distance user=moving ego=BAD
[17:51:36.031] [VOICE_POLICY] person#100(f7) on your left: dist=461cm raw_vel=-302.6cm/s eff_vel=0.0cm/s ttc=n/a score=0.0 tier=NONE reason=beyond_voice_distance user=moving ego=BAD
[17:51:36.225] [VOICE_POLICY] person#100(f8) on your left: dist=445cm raw_vel=-309.4cm/s eff_vel=0.0cm/s ttc=n/a score=0.0 tier=NONE reason=beyond_voice_distance user=moving ego=BAD
[17:51:36.228] [VOICE_POLICY] person#100(f8) on your left: dist=404cm raw_vel=-280.6cm/s eff_vel=0.0cm/s ttc=n/a score=0.0 tier=NONE reason=beyond_voice_distance user=moving ego=BAD
[17:51:36.424] [VOICE_POLICY] person#100(f9) on your left: dist=388cm raw_vel=-274.5cm/s eff_vel=0.0cm/s ttc=n/a score=0.0 tier=NONE reason=beyond_voice_distance user=moving ego=BAD
[17:51:36.427] [VOICE_POLICY] person#100(f9) on your left: dist=353cm raw_vel=-274.0cm/s eff_vel=0.0cm/s ttc=n/a score=0.0 tier=NONE reason=beyond_voice_distance user=moving ego=BAD
[17:51:36.593] [VOICE_POLICY] person#100(f10) on your left: dist=328cm raw_vel=-281.0cm/s eff_vel=0.0cm/s ttc=n/a score=0.0 tier=NONE reason=beyond_voice_distance user=moving ego=BAD
[17:51:36.596] [VOICE_POLICY] person#100(f10) on your left: dist=285cm raw_vel=-297.2cm/s eff_vel=0.0cm/s ttc=n/a score=0.8 tier=NONE reason=no_actionable_distance_or_ttc user=moving ego=BAD
[17:51:36.961] [VOICE_POLICY] person#100(f11) on your left: dist=534cm raw_vel=0.0cm/s eff_vel=0.0cm/s ttc=n/a score=0.0 tier=NONE reason=beyond_voice_distance user=moving ego=BAD
[17:51:37.125] [VOICE_POLICY] person#102(f3) on your left: dist=195cm raw_vel=-156.9cm/s eff_vel=0.0cm/s ttc=n/a score=5.2 tier=NONE reason=no_actionable_distance_or_ttc user=moving ego=BAD
[17:51:37.130] [VOICE_POLICY] person#102(f3) on your left: dist=170cm raw_vel=-346.0cm/s eff_vel=0.0cm/s ttc=n/a score=6.5 tier=NONE reason=no_actionable_distance_or_ttc user=moving ego=BAD
[17:51:37.293] [VOICE_POLICY] person#100(f12) on your left: dist=167cm raw_vel=0.0cm/s eff_vel=0.0cm/s ttc=n/a score=7.3 tier=NONE reason=no_actionable_distance_or_ttc user=moving ego=BAD
[17:51:37.298] [VOICE_POLICY] person#100(f12) on your left: dist=255cm raw_vel=0.0cm/s eff_vel=0.0cm/s ttc=n/a score=2.5 tier=NONE reason=no_actionable_distance_or_ttc user=moving ego=BAD
[17:51:37.661] [VOICE_POLICY] person#100(f12) on your left: dist=214cm raw_vel=154.2cm/s eff_vel=0.0cm/s ttc=n/a score=4.7 tier=NONE reason=no_actionable_distance_or_ttc user=moving ego=BAD
[17:51:37.861] [VOICE_POLICY] person#103(f3) ahead: dist=142cm raw_vel=-53.9cm/s eff_vel=0.0cm/s ttc=n/a score=4.4 tier=NONE reason=no_actionable_distance_or_ttc user=moving ego=BAD
[17:51:37.869] [VOICE_POLICY] person#103(f3) ahead: dist=165cm raw_vel=-18.5cm/s eff_vel=0.0cm/s ttc=n/a score=7.4 tier=NONE reason=no_actionable_distance_or_ttc user=moving ego=BAD
[17:51:38.067] [VOICE] AWARE: "person on your left, 1.4 meters"
[17:51:38.067] [VOICE_POLICY] person#102(f3) on your left: dist=120cm raw_vel=-70.0cm/s eff_vel=0.0cm/s ttc=n/a score=27.0 tier=AWARENESS reason=side_pass_awareness user=moving ego=BAD
[17:51:38.332] [VOICE_POLICY] person#103(f4) ahead: dist=287cm raw_vel=232.7cm/s eff_vel=0.0cm/s ttc=n/a score=0.7 tier=NONE reason=no_actionable_distance_or_ttc user=moving ego=BAD
[17:51:38.893] [VOICE_POLICY] person#103(f4) ahead: dist=310cm raw_vel=100.7cm/s eff_vel=100.7cm/s ttc=n/a score=0.0 tier=NONE reason=no_actionable_distance_or_ttc user=moving ego=OK
[17:51:41.467] [LATENCY] label=AWARE text="person on your left, 1.4 meters" event_created=1779299498.067 enqueued=0.000s tts_start=0.001s play_start=0.070s play_end=3.400s queue_wait=0.001s synth=0.070s launch_wait=0.000s mode=clip_alert cache=hit cold_stream=yes silence_ms=220
[17:51:42.225] [VOICE_POLICY] person#105(f3) on your right: dist=626cm raw_vel=-226.8cm/s eff_vel=0.0cm/s ttc=n/a score=0.0 tier=NONE reason=beyond_voice_distance user=moving ego=BAD
[17:51:43.130] [VOICE_POLICY] person#105(f3) on your right: dist=767cm raw_vel=-72.5cm/s eff_vel=0.0cm/s ttc=n/a score=0.0 tier=NONE reason=beyond_voice_distance user=moving ego=BAD
[17:51:43.331] [VOICE_POLICY] person#108(f7) on your right: dist=381cm raw_vel=-235.2cm/s eff_vel=0.0cm/s ttc=n/a score=0.0 tier=NONE reason=beyond_voice_distance user=moving ego=BAD
[17:51:44.307] [VOICE_POLICY] person#108(f7) on your right: dist=749cm raw_vel=-43.4cm/s eff_vel=0.0cm/s ttc=n/a score=0.0 tier=NONE reason=beyond_voice_distance user=moving ego=BAD
[17:52:23.125] [VOICE] URGENT: "Obstacle, 0.8 meters"
[17:52:26.036] [LATENCY] label=URGENT text="Obstacle, 0.8 meters" event_created=1779299543.126 enqueued=0.000s tts_start=0.001s play_start=0.036s play_end=2.911s queue_wait=0.001s synth=0.036s launch_wait=0.000s mode=clip_alert cache=hit cold_stream=yes silence_ms=220
[17:52:27.500] [VOICE_POLICY] bench#125(f3) on your right: dist=602cm raw_vel=0.0cm/s eff_vel=0.0cm/s ttc=n/a score=0.0 tier=NONE reason=beyond_voice_distance user=moving ego=BAD
[17:52:27.503] [VOICE_POLICY] bench#125(f3) on your right: dist=483cm raw_vel=-119.2cm/s eff_vel=0.0cm/s ttc=n/a score=0.0 tier=NONE reason=beyond_voice_distance user=moving ego=BAD
[17:52:27.731] [VOICE_POLICY] bench#125(f3) on your right: dist=461cm raw_vel=-222.0cm/s eff_vel=0.0cm/s ttc=n/a score=0.0 tier=NONE reason=beyond_voice_distance user=moving ego=BAD
[17:52:27.935] [VOICE_POLICY] bench#125(f3) on your right: dist=585cm raw_vel=-32.4cm/s eff_vel=0.0cm/s ttc=n/a score=0.0 tier=NONE reason=beyond_voice_distance user=moving ego=BAD
[17:52:28.204] [VOICE_POLICY] bench#125(f3) on your right: dist=548cm raw_vel=167.1cm/s eff_vel=0.0cm/s ttc=n/a score=0.0 tier=NONE reason=beyond_voice_distance user=moving ego=BAD
[17:52:33.864] [VOICE_POLICY] dining table#129(f4) on your right: dist=393cm raw_vel=84.2cm/s eff_vel=0.0cm/s ttc=n/a score=0.0 tier=NONE reason=beyond_voice_distance user=moving ego=BAD
[17:52:34.067] [VOICE_POLICY] dining table#129(f4) on your right: dist=367cm raw_vel=168.6cm/s eff_vel=0.0cm/s ttc=n/a score=0.0 tier=NONE reason=beyond_voice_distance user=moving ego=BAD
[17:52:34.270] [VOICE_POLICY] dining table#129(f4) on your right: dist=355cm raw_vel=101.9cm/s eff_vel=0.0cm/s ttc=n/a score=0.0 tier=NONE reason=beyond_voice_distance user=moving ego=BAD
[17:52:35.280] [VOICE_POLICY] dining table#132(f3) on your right: dist=351cm raw_vel=-65.0cm/s eff_vel=0.0cm/s ttc=n/a score=0.0 tier=NONE reason=beyond_voice_distance user=moving ego=BAD
[17:52:35.337] [VOICE_POLICY] dining table#132(f3) on your right: dist=321cm raw_vel=-166.8cm/s eff_vel=0.0cm/s ttc=n/a score=0.0 tier=NONE reason=beyond_voice_distance user=moving ego=BAD
[17:52:35.599] [VOICE_POLICY] dining table#132(f3) on your right: dist=375cm raw_vel=-128.8cm/s eff_vel=0.0cm/s ttc=n/a score=0.0 tier=NONE reason=beyond_voice_distance user=moving ego=BAD
[17:52:35.803] [VOICE_POLICY] dining table#132(f3) on your right: dist=435cm raw_vel=19.5cm/s eff_vel=0.0cm/s ttc=n/a score=0.0 tier=NONE reason=beyond_voice_distance user=moving ego=BAD
[17:52:36.037] [VOICE_POLICY] dining table#132(f3) on your right: dist=391cm raw_vel=118.7cm/s eff_vel=0.0cm/s ttc=n/a score=0.0 tier=NONE reason=beyond_voice_distance user=moving ego=BAD
[17:52:36.438] [VOICE_POLICY] chair#135(f3) on your right: dist=323cm raw_vel=-122.0cm/s eff_vel=0.0cm/s ttc=n/a score=0.0 tier=NONE reason=beyond_voice_distance user=moving ego=BAD
[17:52:37.874] [VOICE_POLICY] person#136(f3) ahead: dist=241cm raw_vel=-89.4cm/s eff_vel=0.0cm/s ttc=n/a score=2.9 tier=NONE reason=no_actionable_distance_or_ttc user=moving ego=BAD
[17:52:37.901] [VOICE_POLICY] chair#135(f10) on your right: dist=136cm raw_vel=-133.9cm/s eff_vel=0.0cm/s ttc=n/a score=4.1 tier=NONE reason=no_actionable_distance_or_ttc user=moving ego=BAD
[17:52:38.272] [VOICE_POLICY] chair#135(f12) on your right: dist=118cm raw_vel=-90.2cm/s eff_vel=0.0cm/s ttc=n/a score=8.5 tier=NONE reason=no_actionable_distance_or_ttc user=moving ego=BAD
[17:52:38.873] [VOICE_POLICY] person#136(f5) ahead: dist=105cm raw_vel=-182.2cm/s eff_vel=0.0cm/s ttc=n/a score=22.5 tier=NONE reason=no_actionable_distance_or_ttc user=moving ego=BAD
[17:52:39.104] [VOICE] AWARE: "Busy area, 4 objects"
[17:52:39.875] [VOICE_POLICY] person#139(f4) on your left: dist=76cm raw_vel=-94.4cm/s eff_vel=0.0cm/s ttc=n/a score=64.0 tier=WARNING reason=side_pass_warning user=moving ego=BAD
[17:52:39.909] [VOICE_POLICY] person#139(f4) on your left: dist=99cm raw_vel=-196.7cm/s eff_vel=0.0cm/s ttc=n/a score=52.5 tier=WARNING reason=side_pass_warning user=moving ego=BAD
[17:52:40.774] [VOICE_POLICY] person#145(f3) on your right: dist=106cm raw_vel=0.0cm/s eff_vel=0.0cm/s ttc=n/a score=53.9 tier=WARNING reason=side_pass_warning user=moving ego=BAD
[17:52:41.148] [VOICE_POLICY] person#145(f5) ahead: dist=111cm raw_vel=0.0cm/s eff_vel=0.0cm/s ttc=n/a score=21.5 tier=NONE reason=no_actionable_distance_or_ttc user=moving ego=BAD
[17:52:41.571] [LATENCY] label=AWARE text="Busy area, 4 objects" event_created=1779299559.104 enqueued=0.000s tts_start=0.001s play_start=0.007s play_end=2.467s queue_wait=0.001s synth=0.007s launch_wait=0.000s mode=clip_alert cache=hit cold_stream=yes silence_ms=220
[17:52:41.571] [VOICE] WARN: "Watch out, person on your right, 1.1 meters"
[17:52:43.208] [VOICE_POLICY] person#145(f16) ahead: dist=101cm raw_vel=0.0cm/s eff_vel=0.0cm/s ttc=n/a score=27.0 tier=NONE reason=no_actionable_distance_or_ttc user=moving ego=BAD
[17:52:43.771] [VOICE_POLICY] person#145(f19) ahead: dist=100cm raw_vel=0.0cm/s eff_vel=0.0cm/s ttc=n/a score=27.5 tier=NONE reason=static_stationary_suppression user=still ego=BAD
[17:52:44.280] [TTC]  person#145(f22) ahead: dist=101cm vel=-29.0cm/s TTC=3.5s tier=WARN ego=OK
[17:52:44.475] [TTC]  person#145(f23) ahead: dist=101cm vel=-43.6cm/s TTC=2.3s tier=WARN ego=BAD
[17:52:44.480] [TTC]  person#145(f23) ahead: dist=101cm vel=-21.8cm/s TTC=4.6s tier=AWARE ego=BAD
[17:52:44.676] [TTC]  person#145(f24) ahead: dist=101cm vel=-10.9cm/s TTC=9.3s tier=NONE ego=BAD
[17:52:44.680] [VOICE] Dropped CLEAR (busy_audio_channel): "person stopped, 1.0 meters away"
[17:52:45.153] [LATENCY] label=WARN text="Watch out, person on your right, 1.1 met" event_created=1779299561.146 enqueued=0.000s tts_start=0.427s play_start=0.538s play_end=4.007s queue_wait=0.427s synth=0.111s launch_wait=0.000s mode=clip_alert cache=hit cold_stream=no silence_ms=0
[17:52:45.175] [VOICE] WARN: "person ahead, 1.1 meters"
[17:52:45.780] [VOICE_POLICY] person#145(f30) ahead: dist=102cm raw_vel=-0.0cm/s eff_vel=0.0cm/s ttc=n/a score=26.4 tier=NONE reason=static_stationary_suppression user=still ego=BAD
[17:52:47.315] [TTC]  chair#146(f17) ahead: dist=105cm vel=-20.3cm/s TTC=5.2s tier=AWARE ego=BAD
[17:52:47.482] [TTC]  chair#146(f17) ahead: dist=105cm vel=-18.4cm/s TTC=5.7s tier=AWARE ego=BAD
[17:52:47.642] [LATENCY] label=WARN text="person ahead, 1.1 meters" event_created=1779299564.476 enqueued=0.000s tts_start=0.702s play_start=0.708s play_end=3.166s queue_wait=0.702s synth=0.006s launch_wait=0.000s mode=clip_alert cache=hit cold_stream=no silence_ms=0
[17:52:47.850] [VOICE_POLICY] person#145(f43) ahead: dist=102cm raw_vel=-0.0cm/s eff_vel=0.0cm/s ttc=n/a score=26.4 tier=NONE reason=static_stationary_suppression user=still ego=BAD
[17:52:48.217] [VOICE] WARN: "Watch out, person on your right, 1.1 meters"
[17:52:48.217] [VOICE_POLICY] person#145(f45) on your right: dist=102cm raw_vel=-0.0cm/s eff_vel=0.0cm/s ttc=n/a score=26.4 tier=WARNING reason=side_pass_warning user=still ego=BAD
[17:52:48.650] [VOICE_POLICY] person#145(f47) on your right: dist=88cm raw_vel=-11.4cm/s eff_vel=-11.4cm/s ttc=7.7s score=221.7 tier=WARNING reason=side_pass_warning user=still ego=BAD
[17:52:48.650] [TTC]  person#145(f47) on your right: dist=88cm vel=-11.4cm/s TTC=7.7s tier=AWARE ego=BAD
[17:52:48.819] [TTC]  person#145(f48) on your right: dist=89cm vel=-16.1cm/s TTC=5.5s tier=AWARE ego=BAD
[17:52:48.986] [VOICE_POLICY] person#145(f49) ahead: dist=88cm raw_vel=-4.0cm/s eff_vel=0.0cm/s ttc=n/a score=34.1 tier=NONE reason=static_stationary_suppression user=still ego=BAD
[17:52:49.315] [VOICE_POLICY] chair#146(f21) ahead: dist=122cm raw_vel=31.1cm/s eff_vel=0.0cm/s ttc=n/a score=7.5 tier=NONE reason=static_stationary_suppression user=still ego=BAD
[17:52:49.546] [VOICE_POLICY] chair#146(f22) ahead: dist=119cm raw_vel=3.9cm/s eff_vel=0.0cm/s ttc=n/a score=8.3 tier=NONE reason=static_stationary_suppression user=still ego=BAD
[17:52:49.947] [VOICE_POLICY] person#145(f54) ahead: dist=103cm raw_vel=1.3cm/s eff_vel=0.0cm/s ttc=n/a score=25.9 tier=NONE reason=static_stationary_suppression user=still ego=BAD
[17:52:50.445] [VOICE] Dropped AWARE (busy_audio_channel): "person ahead, 1.1 meters"
[17:52:50.445] [TTC]  person#145(f57) ahead: dist=103cm vel=-19.7cm/s TTC=5.2s tier=AWARE ego=OK
[17:52:50.616] [TTC]  person#145(f58) ahead: dist=103cm vel=-29.6cm/s TTC=3.5s tier=WARN ego=BAD
[17:52:50.621] [VOICE] Dropped AWARE (busy_audio_channel): "person ahead, 1.1 meters"
[17:52:50.621] [TTC]  person#145(f58) ahead: dist=104cm vel=-14.8cm/s TTC=7.0s tier=AWARE ego=BAD
[17:52:51.682] [LATENCY] label=WARN text="Watch out, person on your right, 1.1 met" event_created=1779299568.217 enqueued=0.000s tts_start=0.001s play_start=0.002s play_end=3.465s queue_wait=0.001s synth=0.002s launch_wait=0.000s mode=clip_alert cache=hit cold_stream=no silence_ms=0
[17:52:51.682] [VOICE] WARN: "person ahead, 1.1 meters"
[17:52:51.918] [VOICE_POLICY] person#145(f66) ahead: dist=105cm raw_vel=13.7cm/s eff_vel=13.7cm/s ttc=n/a score=5.0 tier=NONE reason=static_stationary_suppression user=still ego=OK
[17:52:53.489] [VOICE_POLICY] person#145(f75) ahead: dist=107cm raw_vel=0.0cm/s eff_vel=0.0cm/s ttc=n/a score=23.7 tier=NONE reason=no_actionable_distance_or_ttc user=moving ego=BAD
[17:52:54.121] [LATENCY] label=WARN text="person ahead, 1.1 meters" event_created=1779299570.617 enqueued=0.000s tts_start=1.067s play_start=1.069s play_end=3.505s queue_wait=1.067s synth=0.002s launch_wait=0.000s mode=clip_alert cache=hit cold_stream=no silence_ms=0
[17:52:54.322] [VOICE_POLICY] chair#149(f3) on your left: dist=84cm raw_vel=-80.8cm/s eff_vel=0.0cm/s ttc=n/a score=17.6 tier=NONE reason=no_actionable_distance_or_ttc user=moving ego=BAD
[17:52:55.157] [VOICE] AWARE: "person on your left, 1.1 meters"
[17:52:55.157] [VOICE_POLICY] person#151(f3) on your left: dist=111cm raw_vel=0.0cm/s eff_vel=0.0cm/s ttc=n/a score=31.5 tier=AWARENESS reason=side_pass_awareness user=moving ego=BAD
[17:52:55.549] [VOICE_POLICY] person#151(f4) on your left: dist=105cm raw_vel=0.0cm/s eff_vel=0.0cm/s ttc=n/a score=54.5 tier=WARNING reason=side_pass_warning user=moving ego=BAD
[17:52:56.225] [VOICE_POLICY] person#151(f7) on your left: dist=120cm raw_vel=1.4cm/s eff_vel=0.0cm/s ttc=n/a score=29.7 tier=AWARENESS reason=side_pass_awareness user=moving ego=BAD
[17:52:58.465] [LATENCY] label=AWARE text="person on your left, 1.1 meters" event_created=1779299575.157 enqueued=0.000s tts_start=0.001s play_start=0.021s play_end=3.308s queue_wait=0.001s synth=0.021s launch_wait=0.000s mode=clip_alert cache=hit cold_stream=no silence_ms=0
[17:52:58.468] [VOICE] WARN: "Watch out, person on your left, 1.1 meters"
[17:53:00.230] [VOICE] Dropped CLEAR (busy_audio_channel): "person moved away"
[17:53:00.230] [VOICE_POLICY] person#167(f5) ahead: dist=92cm raw_vel=50.6cm/s eff_vel=0.0cm/s ttc=n/a score=29.0 tier=NONE reason=no_actionable_distance_or_ttc user=moving ego=BAD
[17:53:01.519] [VOICE] Dropped CLEAR (busy_audio_channel): "path clear"
[17:53:01.520] [VOICE] Dropped CLEAR (busy_audio_channel): "path clear"
[17:53:01.889] [VOICE] Dropped CLEAR (busy_audio_channel): "path clear"
[17:53:01.894] [LATENCY] label=WARN text="Watch out, person on your left, 1.1 mete" event_created=1779299575.550 enqueued=0.000s tts_start=2.924s play_start=2.968s play_end=6.344s queue_wait=2.924s synth=0.043s launch_wait=0.000s mode=clip_alert cache=hit cold_stream=no silence_ms=0
[17:53:01.895] [VOICE] URGENT: "obstacle ahead, 0.2 meters"
[17:53:03.557] [VOICE] Dropped CLEAR (busy_audio_channel): "path clear"
[17:53:04.860] [LATENCY] label=URGENT text="obstacle ahead, 0.2 meters" event_created=1779299581.890 enqueued=0.000s tts_start=0.029s play_start=0.042s play_end=2.970s queue_wait=0.029s synth=0.013s launch_wait=0.000s mode=clip_alert cache=hit cold_stream=no silence_ms=0
[17:53:04.861] [VOICE] URGENT: "obstacle ahead, 0.2 meters"
[17:53:05.530] [VOICE_POLICY] person#179(f3) on your left: dist=73cm raw_vel=21.9cm/s eff_vel=0.0cm/s ttc=n/a score=65.5 tier=WARNING reason=side_pass_warning user=moving ego=BAD
[17:53:05.865] [VOICE] Dropped CLEAR (busy_audio_channel): "person moved away"
[17:53:07.666] [VOICE] Dropped CLEAR (busy_audio_channel): "path clear"
[17:53:07.845] [LATENCY] label=URGENT text="obstacle ahead, 0.2 meters" event_created=1779299584.389 enqueued=0.000s tts_start=0.505s play_start=0.510s play_end=3.455s queue_wait=0.505s synth=0.004s launch_wait=0.000s mode=clip_alert cache=hit cold_stream=no silence_ms=0
[17:53:07.862] [VOICE] URGENT: "obstacle on your right, 0.2 meters"
[17:53:08.461] [VOICE] Dropped CLEAR (busy_audio_channel): "path clear"
[17:53:09.631] [VOICE] Dropped CLEAR (busy_audio_channel): "path clear"
[17:53:11.137] [LATENCY] label=URGENT text="obstacle on your right, 0.2 meters" event_created=1779299586.233 enqueued=0.000s tts_start=1.630s play_start=1.654s play_end=4.904s queue_wait=1.630s synth=0.024s launch_wait=0.000s mode=clip_alert cache=hit cold_stream=no silence_ms=0
[17:53:11.137] [VOICE] URGENT: "obstacle ahead, 0.2 meters"
[17:53:12.034] [VOICE] Dropped CLEAR (busy_audio_channel): "path clear"
[17:53:14.039] [LATENCY] label=URGENT text="obstacle ahead, 0.2 meters" event_created=1779299589.998 enqueued=0.000s tts_start=1.142s play_start=1.206s play_end=4.041s queue_wait=1.142s synth=0.064s launch_wait=0.000s mode=clip_alert cache=hit cold_stream=no silence_ms=0
[17:53:14.040] [VOICE] URGENT: "obstacle ahead, 0.2 meters"
[17:53:16.741] [VOICE] Dropped CLEAR (busy_audio_channel): "path clear"
[17:53:16.897] [LATENCY] label=URGENT text="obstacle ahead, 0.2 meters" event_created=1779299593.970 enqueued=0.000s tts_start=0.074s play_start=0.076s play_end=2.927s queue_wait=0.074s synth=0.002s launch_wait=0.000s mode=clip_alert cache=hit cold_stream=no silence_ms=0
[17:53:17.130] [VOICE] URGENT: "Obstacle, 0.2 meters"
[17:53:19.779] [LATENCY] label=URGENT text="Obstacle, 0.2 meters" event_created=1779299597.130 enqueued=0.000s tts_start=0.001s play_start=0.002s play_end=2.650s queue_wait=0.001s synth=0.002s launch_wait=0.000s mode=clip_alert cache=hit cold_stream=no silence_ms=0
[17:53:19.780] [VOICE] URGENT: "person on your left, 0.2 meters"
[17:53:23.193] [LATENCY] label=URGENT text="person on your left, 0.2 meters" event_created=1779299599.697 enqueued=0.000s tts_start=0.084s play_start=0.211s play_end=3.470s queue_wait=0.084s synth=0.127s launch_wait=0.000s mode=clip_alert cache=hit cold_stream=no silence_ms=0
[17:53:23.227] [VOICE] URGENT: "obstacle ahead, 0.2 meters"
[17:53:23.573] [VOICE_POLICY] person#195(f12) on your right: dist=157cm raw_vel=0.0cm/s eff_vel=0.0cm/s ttc=n/a score=7.2 tier=NONE reason=static_stationary_suppression user=still ego=BAD
[17:53:25.115] [VOICE] Dropped CLEAR (busy_audio_channel): "path clear"
[17:53:26.152] [LATENCY] label=URGENT text="obstacle ahead, 0.2 meters" event_created=1779299603.076 enqueued=0.000s tts_start=0.170s play_start=0.195s play_end=3.076s queue_wait=0.170s synth=0.025s launch_wait=0.000s mode=clip_alert cache=hit cold_stream=no silence_ms=0
[17:53:26.152] [VOICE] URGENT: "obstacle ahead, 0.2 meters"
[17:53:28.978] [LATENCY] label=URGENT text="obstacle ahead, 0.2 meters" event_created=1779299605.608 enqueued=0.000s tts_start=0.565s play_start=0.567s play_end=3.369s queue_wait=0.565s synth=0.002s launch_wait=0.000s mode=clip_alert cache=hit cold_stream=no silence_ms=0
[17:53:28.978] [VOICE] URGENT: "obstacle on your right, 0.2 meters"
[17:53:29.744] [VOICE] Dropped CLEAR (busy_audio_channel): "chair moving away"
[17:53:30.413] [TTC]  chair#200(f15) on your right: dist=28cm vel=-10.9cm/s TTC=2.6s tier=WARN ego=OK
[17:53:30.642] [TTC]  chair#200(f16) on your right: dist=28cm vel=-16.5cm/s TTC=1.7s tier=URGENT ego=OK
[17:53:30.647] [TTC]  chair#200(f16) on your right: dist=28cm vel=-19.3cm/s TTC=1.4s tier=URGENT ego=OK
[17:53:30.846] [TTC]  chair#200(f17) on your right: dist=28cm vel=-20.8cm/s TTC=1.3s tier=URGENT ego=OK
[17:53:30.851] [TTC]  chair#200(f17) on your right: dist=28cm vel=-21.5cm/s TTC=1.3s tier=URGENT ego=OK
[17:53:31.043] [TTC]  chair#200(f18) on your right: dist=28cm vel=-21.8cm/s TTC=1.3s tier=URGENT ego=OK
[17:53:31.047] [TTC]  chair#200(f18) on your right: dist=29cm vel=-22.0cm/s TTC=1.3s tier=URGENT ego=OK
[17:53:31.241] [TTC]  chair#200(f19) on your right: dist=28cm vel=-22.1cm/s TTC=1.3s tier=URGENT ego=OK
[17:53:31.244] [TTC]  chair#200(f19) on your right: dist=29cm vel=-22.1cm/s TTC=1.3s tier=URGENT ego=OK
[17:53:31.410] [TTC]  chair#200(f20) on your right: dist=27cm vel=-22.1cm/s TTC=1.2s tier=URGENT ego=BAD
[17:53:31.413] [TTC]  chair#200(f20) on your right: dist=28cm vel=-11.1cm/s TTC=2.5s tier=WARN ego=BAD
[17:53:31.613] [TTC]  chair#200(f21) on your right: dist=28cm vel=-5.5cm/s TTC=5.1s tier=AWARE ego=BAD
[17:53:32.218] [LATENCY] label=URGENT text="obstacle on your right, 0.2 meters" event_created=1779299608.845 enqueued=0.000s tts_start=0.135s play_start=0.137s play_end=3.374s queue_wait=0.135s synth=0.002s launch_wait=0.000s mode=clip_alert cache=hit cold_stream=no silence_ms=0
[17:53:32.219] [VOICE] URGENT: "obstacle on your right, 0.2 meters"
[17:53:32.848] [TTC]  chair#203(f5) on your right: dist=27cm vel=-8.4cm/s TTC=3.2s tier=WARN ego=OK
[17:53:33.044] [TTC]  chair#203(f6) on your right: dist=27cm vel=-12.7cm/s TTC=2.1s tier=WARN ego=OK
[17:53:33.049] [TTC]  chair#203(f6) on your right: dist=27cm vel=-14.8cm/s TTC=1.8s tier=URGENT ego=OK
[17:53:33.278] [TTC]  chair#203(f7) on your right: dist=27cm vel=-15.8cm/s TTC=1.7s tier=URGENT ego=OK
[17:53:33.282] [TTC]  chair#203(f7) on your right: dist=27cm vel=-7.9cm/s TTC=3.4s tier=WARN ego=OK
[17:53:33.476] [TTC]  chair#203(f8) on your right: dist=27cm vel=-4.0cm/s TTC=6.8s tier=AWARE ego=OK
[17:53:34.414] [TTC]  chair#203(f11) on your right: dist=26cm vel=-10.7cm/s TTC=2.4s tier=WARN ego=OK
[17:53:34.615] [TTC]  chair#203(f12) on your right: dist=26cm vel=-16.1cm/s TTC=1.6s tier=URGENT ego=OK
[17:53:34.845] [VOICE] Dropped CLEAR (busy_audio_channel): "chair moved aside"
[17:53:34.845] [VOICE] Dropped CLEAR (busy_audio_channel): "chair moved aside"
[17:53:35.543] [LATENCY] label=URGENT text="obstacle on your right, 0.2 meters" event_created=1779299611.613 enqueued=0.000s tts_start=0.608s play_start=0.645s play_end=3.913s queue_wait=0.608s synth=0.037s launch_wait=0.000s mode=clip_alert cache=hit cold_stream=no silence_ms=0
[17:53:35.544] [VOICE] URGENT: "obstacle on your right, 0.2 meters"
[17:53:35.710] [TTC]  person#204(f3) on your right: dist=31cm vel=-47.8cm/s TTC=0.6s tier=URGENT ego=OK
[17:53:35.946] [TTC]  person#204(f3) on your right: dist=30cm vel=-138.9cm/s TTC=0.2s tier=URGENT ego=OK
[17:53:35.952] [VOICE] Dropped AWARE (busy_audio_channel): "person on your right, 1.4 meters"
[17:53:35.952] [VOICE_POLICY] person#204(f3) on your right: dist=137cm raw_vel=-61.2cm/s eff_vel=-61.2cm/s ttc=2.2s score=600.0 tier=AWARENESS reason=side_pass_awareness user=still ego=OK
[17:53:35.952] [TTC]  person#204(f3) on your right: dist=137cm vel=-61.2cm/s TTC=2.2s tier=WARN ego=OK
[17:53:36.146] [VOICE] Dropped AWARE (busy_audio_channel): "person on your right, 1.4 meters"
[17:53:36.147] [TTC]  person#204(f3) on your right: dist=136cm vel=-22.3cm/s TTC=6.1s tier=AWARE ego=OK
[17:53:37.653] [VOICE] Dropped CLEAR (busy_audio_channel): "chair moving away"
[17:53:38.788] [LATENCY] label=URGENT text="obstacle on your right, 0.2 meters" event_created=1779299615.388 enqueued=0.000s tts_start=0.157s play_start=0.158s play_end=3.400s queue_wait=0.157s synth=0.002s launch_wait=0.000s mode=clip_alert cache=hit cold_stream=no silence_ms=0
[17:53:38.789] [VOICE] URGENT: "obstacle on your right, 0.2 meters"
[17:53:39.325] [TTC]  person#206(f5) on your right: dist=30cm vel=-128.8cm/s TTC=0.2s tier=URGENT ego=OK
[17:53:39.516] [TTC]  person#206(f5) on your right: dist=30cm vel=-246.2cm/s TTC=0.1s tier=URGENT ego=OK
[17:53:39.523] [TTC]  person#206(f5) on your right: dist=28cm vel=-289.6cm/s TTC=0.1s tier=URGENT ego=OK
[17:53:39.751] [TTC]  person#206(f5) on your right: dist=27cm vel=-239.3cm/s TTC=0.1s tier=URGENT ego=OK
[17:53:39.758] [TTC]  person#206(f5) on your right: dist=27cm vel=-119.6cm/s TTC=0.2s tier=URGENT ego=OK
[17:53:39.978] [TTC]  person#206(f5) on your right: dist=28cm vel=-59.8cm/s TTC=0.5s tier=URGENT ego=BAD
[17:53:39.984] [TTC]  person#206(f5) on your right: dist=28cm vel=-29.9cm/s TTC=0.9s tier=URGENT ego=BAD
[17:53:40.355] [TTC]  chair#207(f5) on your right: dist=27cm vel=-8.7cm/s TTC=3.1s tier=WARN ego=OK
[17:53:40.582] [TTC]  chair#207(f5) on your right: dist=27cm vel=-13.0cm/s TTC=2.1s tier=WARN ego=OK
[17:53:40.586] [TTC]  chair#207(f5) on your right: dist=27cm vel=-6.5cm/s TTC=4.1s tier=AWARE ego=OK
[17:53:40.784] [VOICE] Dropped CLEAR (busy_audio_channel): "path clear"
[17:53:42.025] [LATENCY] label=URGENT text="obstacle on your right, 0.2 meters" event_created=1779299618.289 enqueued=0.000s tts_start=0.502s play_start=0.504s play_end=3.736s queue_wait=0.502s synth=0.002s launch_wait=0.000s mode=clip_alert cache=hit cold_stream=no silence_ms=0
[17:53:42.029] [VOICE] URGENT: "obstacle on your right, 0.2 meters"
[17:53:43.448] [VOICE] Dropped CLEAR (busy_audio_channel): "path clear"
[17:53:43.746] [TTC]  person#213(f4) ahead: dist=26cm vel=-16.6cm/s TTC=1.6s tier=URGENT ego=BAD
[17:53:44.518] [VOICE] Dropped CLEAR (busy_audio_channel): "path clear"
[17:53:44.518] [VOICE] Dropped CLEAR (busy_audio_channel): "path clear"
[17:53:44.717] [VOICE] Dropped CLEAR (busy_audio_channel): "person moved away"
[17:53:45.330] [LATENCY] label=URGENT text="obstacle on your right, 0.2 meters" event_created=1779299621.923 enqueued=0.000s tts_start=0.114s play_start=0.167s play_end=3.407s queue_wait=0.114s synth=0.053s launch_wait=0.000s mode=clip_alert cache=hit cold_stream=no silence_ms=0
[17:53:45.331] [VOICE] URGENT: "person on your left, 0.2 meters"
[17:53:46.024] [TTC]  person#216(f5) on your right: dist=26cm vel=-151.8cm/s TTC=0.2s tier=URGENT ego=BAD
[17:53:46.253] [TTC]  person#216(f5) on your right: dist=26cm vel=-240.9cm/s TTC=0.1s tier=URGENT ego=BAD
[17:53:46.259] [TTC]  person#216(f5) on your right: dist=33cm vel=-262.6cm/s TTC=0.1s tier=URGENT ego=BAD
[17:53:46.452] [TTC]  person#216(f5) on your right: dist=31cm vel=-219.7cm/s TTC=0.1s tier=URGENT ego=BAD
[17:53:48.192] [VOICE] Dropped CLEAR (busy_audio_channel): "path clear"
[17:53:48.559] [LATENCY] label=URGENT text="person on your left, 0.2 meters" event_created=1779299624.521 enqueued=0.000s tts_start=0.830s play_start=0.834s play_end=4.038s queue_wait=0.830s synth=0.003s launch_wait=0.000s mode=clip_alert cache=hit cold_stream=no silence_ms=0
[17:53:48.560] [VOICE] URGENT: "obstacle ahead, 0.2 meters"
[17:53:51.465] [LATENCY] label=URGENT text="obstacle ahead, 0.2 meters" event_created=1779299626.784 enqueued=0.000s tts_start=1.781s play_start=1.783s play_end=4.675s queue_wait=1.781s synth=0.002s launch_wait=0.000s mode=clip_alert cache=hit cold_stream=no silence_ms=0
[17:53:51.858] [VOICE] URGENT: "obstacle ahead, 0.2 meters"
[17:53:52.323] [TTC]  cup#222(f4) ahead: dist=25cm vel=-10.2cm/s TTC=2.4s tier=WARN ego=OK
[17:53:53.533] [VOICE] Dropped CLEAR (busy_audio_channel): "person moved away"
[17:53:54.259] [VOICE_POLICY] person#225(f6) on your left: dist=165cm raw_vel=15.9cm/s eff_vel=0.0cm/s ttc=n/a score=6.8 tier=NONE reason=static_stationary_suppression user=still ego=BAD
[17:53:54.262] [TTC]  person#225(f6) on your left: dist=27cm vel=-131.5cm/s TTC=0.2s tier=URGENT ego=BAD
[17:53:54.458] [TTC]  person#225(f6) on your left: dist=27cm vel=-313.2cm/s TTC=0.1s tier=URGENT ego=BAD
[17:53:54.717] [LATENCY] label=URGENT text="obstacle ahead, 0.2 meters" event_created=1779299631.858 enqueued=0.000s tts_start=0.001s play_start=0.003s play_end=2.859s queue_wait=0.001s synth=0.003s launch_wait=0.000s mode=clip_alert cache=hit cold_stream=no silence_ms=0
[17:53:54.753] [VOICE] URGENT: "person on your left, 0.2 meters"
[17:53:57.935] [VOICE] Dropped CLEAR (busy_audio_channel): "person moving away"
[17:53:58.091] [LATENCY] label=URGENT text="person on your left, 0.2 meters" event_created=1779299634.458 enqueued=0.000s tts_start=0.337s play_start=0.341s play_end=3.633s queue_wait=0.337s synth=0.004s launch_wait=0.000s mode=clip_alert cache=hit cold_stream=no silence_ms=0
[17:53:58.135] [VOICE] URGENT: "obstacle on your right, 0.2 meters"
[17:54:01.400] [LATENCY] label=URGENT text="obstacle on your right, 0.2 meters" event_created=1779299636.794 enqueued=0.000s tts_start=1.343s play_start=1.363s play_end=4.606s queue_wait=1.343s synth=0.021s launch_wait=0.000s mode=clip_alert cache=hit cold_stream=no silence_ms=0
[17:54:01.401] [VOICE] URGENT: "obstacle on your right, 0.2 meters"
[17:54:04.336] [VOICE] Dropped CLEAR (busy_audio_channel): "person moved away"
[17:54:04.702] [LATENCY] label=URGENT text="obstacle on your right, 0.2 meters" event_created=1779299641.233 enqueued=0.000s tts_start=0.170s play_start=0.174s play_end=3.469s queue_wait=0.170s synth=0.004s launch_wait=0.000s mode=clip_alert cache=hit cold_stream=no silence_ms=0
[17:54:04.704] [VOICE] URGENT: "obstacle on your right, 0.2 meters"
[17:54:07.933] [LATENCY] label=URGENT text="obstacle on your right, 0.2 meters" event_created=1779299644.539 enqueued=0.000s tts_start=0.167s play_start=0.168s play_end=3.393s queue_wait=0.167s synth=0.001s launch_wait=0.000s mode=clip_alert cache=hit cold_stream=no silence_ms=0
[17:54:07.933] [VOICE] URGENT: "obstacle on your right, 0.2 meters"
[17:54:08.436] [TTC]  person#237(f3) on your left: dist=23cm vel=-17.0cm/s TTC=1.3s tier=URGENT ego=BAD
[17:54:08.442] [TTC]  person#234(f7) on your left: dist=20cm vel=-39.6cm/s TTC=0.5s tier=URGENT ego=BAD
[17:54:08.638] [TTC]  person#234(f7) on your left: dist=20cm vel=-57.5cm/s TTC=0.3s tier=URGENT ego=BAD
[17:54:08.644] [TTC]  person#234(f7) on your left: dist=35cm vel=-38.8cm/s TTC=0.9s tier=URGENT ego=BAD
[17:54:08.840] [VOICE] Dropped CLEAR (busy_audio_channel): "person moved away"
[17:54:09.174] [TTC]  person#237(f6) on your left: dist=32cm vel=-7.8cm/s TTC=4.1s tier=AWARE ego=BAD
[17:54:09.337] [TTC]  person#237(f7) on your left: dist=30cm vel=-24.7cm/s TTC=1.2s tier=URGENT ego=BAD
[17:54:09.341] [TTC]  person#234(f8) on your left: dist=30cm vel=-31.1cm/s TTC=1.0s tier=URGENT ego=BAD
[17:54:09.541] [TTC]  person#234(f8) on your left: dist=30cm vel=-27.9cm/s TTC=1.1s tier=URGENT ego=OK
[17:54:09.564] [VOICE] Dropped CLEAR (busy_audio_channel): "person moved away"
[17:54:09.565] [VOICE_POLICY] person#234(f8) on your left: dist=73cm raw_vel=42.2cm/s eff_vel=42.2cm/s ttc=n/a score=7.7 tier=WARNING reason=side_pass_warning user=still ego=OK
[17:54:09.770] [VOICE_POLICY] person#237(f8) on your left: dist=75cm raw_vel=102.0cm/s eff_vel=102.0cm/s ttc=n/a score=7.5 tier=WARNING reason=side_pass_warning user=still ego=OK
[17:54:11.141] [LATENCY] label=URGENT text="obstacle on your right, 0.2 meters" event_created=1779299647.307 enqueued=0.000s tts_start=0.626s play_start=0.628s play_end=3.834s queue_wait=0.626s synth=0.002s launch_wait=0.000s mode=clip_alert cache=hit cold_stream=no silence_ms=0
[17:54:11.142] [VOICE] URGENT: "person on your left approaching, 0.5 meters"
[17:54:11.669] [TTC]  person#239(f3) on your left: dist=60cm vel=-177.2cm/s TTC=0.3s tier=URGENT ego=BAD
[17:54:11.675] [TTC]  person#239(f3) on your left: dist=60cm vel=-69.9cm/s TTC=0.9s tier=URGENT ego=BAD
[17:54:11.873] [TTC]  person#239(f4) on your left: dist=60cm vel=-34.9cm/s TTC=1.7s tier=URGENT ego=BAD
[17:54:11.879] [TTC]  person#239(f4) on your left: dist=60cm vel=-17.5cm/s TTC=3.4s tier=WARN ego=BAD
[17:54:12.073] [TTC]  person#239(f5) on your left: dist=60cm vel=-8.7cm/s TTC=6.9s tier=AWARE ego=BAD
[17:54:12.269] [VOICE] Dropped AWARE (busy_audio_channel): "person on your left, 1.4 meters"
[17:54:12.269] [VOICE_POLICY] person#239(f5) on your left: dist=136cm raw_vel=77.3cm/s eff_vel=0.0cm/s ttc=n/a score=7.0 tier=AWARENESS reason=side_pass_awareness user=still ego=BAD
[17:54:12.477] [VOICE] Dropped AWARE (busy_audio_channel): "person on your left, 1.4 meters"
[17:54:12.706] [TTC]  person#239(f6) on your left: dist=53cm vel=-99.8cm/s TTC=0.5s tier=URGENT ego=BAD
[17:54:12.903] [TTC]  person#239(f6) on your left: dist=53cm vel=-124.9cm/s TTC=0.4s tier=URGENT ego=BAD
[17:54:12.906] [TTC]  person#239(f6) on your left: dist=53cm vel=-62.5cm/s TTC=0.8s tier=URGENT ego=BAD
[17:54:13.105] [TTC]  person#239(f6) on your left: dist=53cm vel=-31.2cm/s TTC=1.7s tier=URGENT ego=BAD
[17:54:13.107] [TTC]  person#239(f6) on your left: dist=54cm vel=-15.6cm/s TTC=3.5s tier=WARN ego=BAD
[17:54:13.312] [TTC]  person#239(f6) on your left: dist=54cm vel=-7.8cm/s TTC=6.9s tier=AWARE ego=BAD
[17:54:13.676] [VOICE] Dropped CLEAR (busy_audio_channel): "path clear"
[17:54:14.542] [LATENCY] label=URGENT text="person on your left approaching, 0.5 met" event_created=1779299649.542 enqueued=0.000s tts_start=1.601s play_start=1.628s play_end=5.000s queue_wait=1.601s synth=0.027s launch_wait=0.000s mode=clip_alert cache=hit cold_stream=no silence_ms=0
[17:54:14.542] [VOICE] WARN: "person on your left, 0.5 meters"
[17:54:16.412] [VOICE] Dropped CLEAR (busy_audio_channel): "person moving away"
[17:54:17.845] [VOICE] Dropped CLEAR (busy_audio_channel): "person moving away"
[17:54:17.886] [LATENCY] label=WARN text="person on your left, 0.5 meters" event_created=1779299653.674 enqueued=0.000s tts_start=0.870s play_start=0.872s play_end=4.212s queue_wait=0.870s synth=0.002s launch_wait=0.000s mode=clip_alert cache=hit cold_stream=no silence_ms=0
[17:54:17.886] [VOICE] WARN: "person on your left, 0.5 meters"
[17:54:18.978] [TTC]  person#246(f8) on your left: dist=54cm vel=-8.0cm/s TTC=6.7s tier=AWARE ego=OK
[17:54:19.186] [TTC]  person#246(f8) on your left: dist=54cm vel=-12.0cm/s TTC=4.5s tier=AWARE ego=OK
[17:54:19.411] [VOICE] Dropped CLEAR (busy_audio_channel): "person moving away"
[17:54:19.615] [TTC]  person#246(f10) on your left: dist=53cm vel=-7.1cm/s TTC=7.4s tier=AWARE ego=OK
[17:54:19.829] [TTC]  person#246(f11) on your left: dist=53cm vel=-12.2cm/s TTC=4.3s tier=AWARE ego=BAD
[17:54:19.849] [TTC]  person#246(f11) on your left: dist=53cm vel=-6.1cm/s TTC=8.7s tier=NONE ego=BAD
[17:54:20.811] [VOICE] Dropped CLEAR (busy_audio_channel): "person moved aside"
[17:54:21.449] [LATENCY] label=WARN text="person on your left, 0.5 meters" event_created=1779299657.846 enqueued=0.000s tts_start=0.042s play_start=0.191s play_end=3.573s queue_wait=0.042s synth=0.149s launch_wait=0.000s mode=clip_alert cache=hit cold_stream=no silence_ms=0
[17:54:21.450] [VOICE] WARN: "person on your left, 0.5 meters"
[17:54:22.614] [VOICE] Dropped AWARE (busy_audio_channel): "person on your left, 1.4 meters"
[17:54:22.614] [VOICE_POLICY] person#246(f20) on your left: dist=135cm raw_vel=14.5cm/s eff_vel=0.0cm/s ttc=n/a score=7.5 tier=AWARENESS reason=side_pass_awareness user=still ego=BAD
[17:54:22.616] [TTC]  person#246(f20) on your left: dist=56cm vel=-97.2cm/s TTC=0.6s tier=URGENT ego=BAD
[17:54:22.826] [TTC]  person#246(f20) on your left: dist=56cm vel=-181.8cm/s TTC=0.3s tier=URGENT ego=BAD
[17:54:23.987] [VOICE] Dropped CLEAR (busy_audio_channel): "path clear"
[17:54:24.898] [LATENCY] label=WARN text="person on your left, 0.5 meters" event_created=1779299661.142 enqueued=0.000s tts_start=0.347s play_start=0.373s play_end=3.756s queue_wait=0.347s synth=0.027s launch_wait=0.000s mode=clip_alert cache=hit cold_stream=no silence_ms=0
[17:54:26.952] [VOICE] URGENT: "obstacle ahead, 0.2 meters"
[17:54:26.952] [TTC]  chair#254(f3) ahead: dist=26cm vel=-16.7cm/s TTC=1.6s tier=URGENT ego=OK
[17:54:26.978] [TTC]  chair#254(f3) ahead: dist=26cm vel=-21.7cm/s TTC=1.2s tier=URGENT ego=OK
[17:54:27.286] [TTC]  chair#254(f3) ahead: dist=26cm vel=-24.3cm/s TTC=1.1s tier=URGENT ego=OK
[17:54:27.647] [TTC]  chair#254(f4) ahead: dist=26cm vel=-22.3cm/s TTC=1.2s tier=URGENT ego=BAD
[17:54:27.653] [TTC]  chair#254(f4) ahead: dist=26cm vel=-11.2cm/s TTC=2.3s tier=WARN ego=BAD
[17:54:27.882] [TTC]  chair#254(f4) ahead: dist=26cm vel=-5.6cm/s TTC=4.7s tier=AWARE ego=BAD
[17:54:28.549] [VOICE] Dropped CLEAR (busy_audio_channel): "path clear"
[17:54:30.124] [LATENCY] label=URGENT text="obstacle ahead, 0.2 meters" event_created=1779299666.952 enqueued=0.000s tts_start=0.001s play_start=0.027s play_end=3.172s queue_wait=0.001s synth=0.026s launch_wait=0.000s mode=clip_alert cache=hit cold_stream=yes silence_ms=220
[17:54:31.317] [VOICE] AWARE: "person on your right, 1.4 meters"
[17:54:31.317] [VOICE_POLICY] person#259(f5) on your right: dist=147cm raw_vel=-17.4cm/s eff_vel=-17.4cm/s ttc=8.5s score=262.4 tier=AWARENESS reason=side_pass_awareness user=still ego=OK
[17:54:31.318] [TTC]  person#259(f5) on your right: dist=147cm vel=-17.4cm/s TTC=8.5s tier=NONE ego=OK
[17:54:31.326] [TTC]  person#259(f5) on your right: dist=29cm vel=-195.3cm/s TTC=0.1s tier=URGENT ego=OK
[17:54:31.620] [TTC]  person#259(f5) on your right: dist=27cm vel=-272.3cm/s TTC=0.1s tier=URGENT ego=OK
[17:54:31.646] [TTC]  person#259(f5) on your right: dist=27cm vel=-277.3cm/s TTC=0.1s tier=URGENT ego=OK
[17:54:31.852] [TTC]  person#259(f5) on your right: dist=27cm vel=-229.2cm/s TTC=0.1s tier=URGENT ego=OK
[17:54:31.860] [TTC]  person#259(f5) on your right: dist=146cm vel=-41.5cm/s TTC=3.5s tier=WARN ego=OK
[17:54:32.089] [VOICE] Dropped CLEAR (busy_audio_channel): "path clear"
[17:54:32.090] [TTC]  cup#261(f3) ahead: dist=25cm vel=-13.1cm/s TTC=1.9s tier=URGENT ego=OK
[17:54:32.118] [TTC]  cup#261(f3) ahead: dist=25cm vel=-12.9cm/s TTC=1.9s tier=URGENT ego=OK
[17:54:32.421] [TTC]  cup#261(f4) ahead: dist=26cm vel=-12.9cm/s TTC=2.0s tier=WARN ego=OK
[17:54:32.427] [TTC]  cup#261(f4) ahead: dist=26cm vel=-6.4cm/s TTC=4.0s tier=AWARE ego=OK
[17:54:32.650] [TTC]  cup#261(f4) ahead: dist=26cm vel=-8.0cm/s TTC=3.2s tier=WARN ego=OK
[17:54:32.889] [TTC]  cup#261(f4) ahead: dist=26cm vel=-10.4cm/s TTC=2.5s tier=WARN ego=OK
[17:54:34.360] [LATENCY] label=AWARE text="person on your right, 1.4 meters" event_created=1779299671.317 enqueued=0.000s tts_start=0.001s play_start=0.007s play_end=3.043s queue_wait=0.001s synth=0.007s launch_wait=0.000s mode=clip_alert cache=hit cold_stream=no silence_ms=0
[17:54:34.361] [VOICE] URGENT: "Obstacle, 0.2 meters"
[17:54:36.127] [VOICE] Dropped CLEAR (busy_audio_channel): "path clear"
[17:54:36.968] [LATENCY] label=URGENT text="Obstacle, 0.2 meters" event_created=1779299673.389 enqueued=0.000s tts_start=0.997s play_start=0.998s play_end=3.579s queue_wait=0.997s synth=0.001s launch_wait=0.000s mode=clip_alert cache=hit cold_stream=no silence_ms=0
[17:54:36.969] [VOICE] URGENT: "obstacle ahead, 0.2 meters"
[17:54:38.493] [VOICE] Dropped CLEAR (busy_audio_channel): "path clear"
[17:54:38.924] [VOICE_POLICY] chair#269(f3) on your left: dist=162cm raw_vel=0.0cm/s eff_vel=0.0cm/s ttc=n/a score=3.7 tier=NONE reason=static_stationary_suppression user=still ego=OK
[17:54:39.887] [LATENCY] label=URGENT text="obstacle ahead, 0.2 meters" event_created=1779299676.125 enqueued=0.000s tts_start=0.846s play_start=0.903s play_end=3.762s queue_wait=0.846s synth=0.057s launch_wait=0.000s mode=clip_alert cache=hit cold_stream=no silence_ms=0
[17:54:40.725] [VOICE] URGENT: "person on your right, 0.2 meters"
[17:54:42.962] [TTC]  person#278(f3) on your right: dist=48cm vel=-297.8cm/s TTC=0.2s tier=URGENT ego=OK
[17:54:42.990] [TTC]  person#278(f3) on your right: dist=195cm vel=-168.6cm/s TTC=1.2s tier=URGENT ego=OK
[17:54:43.691] [LATENCY] label=URGENT text="person on your right, 0.2 meters" event_created=1779299680.725 enqueued=0.000s tts_start=0.001s play_start=0.009s play_end=2.966s queue_wait=0.001s synth=0.008s launch_wait=0.000s mode=clip_alert cache=hit cold_stream=no silence_ms=0
[17:54:43.692] [VOICE] URGENT: "person ahead, 0.5 meters"
[17:54:45.536] [VOICE] Dropped CLEAR (busy_audio_channel): "path clear"
[17:54:45.740] [VOICE] Dropped CLEAR (busy_audio_channel): "path clear"
[17:54:46.629] [LATENCY] label=URGENT text="person ahead, 0.5 meters" event_created=1779299683.567 enqueued=0.000s tts_start=0.126s play_start=0.132s play_end=3.062s queue_wait=0.126s synth=0.006s launch_wait=0.000s mode=clip_alert cache=hit cold_stream=no silence_ms=0
[17:54:46.893] [VOICE] CLEAR: "person moving away"
[17:54:47.021] [LATENCY] label=CLEAR text="person moving away" event_created=1779299686.894 enqueued=0.000s tts_start=0.001s play_start=0.000s play_end=0.000s queue_wait=0.001s synth=0.090s launch_wait=0.000s mode=espeak_alert cache=fallback cold_stream=no silence_ms=0
[17:54:47.038] [VOICE] Skipped before playback due to higher-priority pending: "person moving away"
[17:54:47.056] [VOICE] URGENT: "person ahead, 0.5 meters"
[17:54:47.358] [TTC]  person#280(f23) ahead: dist=37cm vel=-5.0cm/s TTC=7.3s tier=AWARE ego=OK
[17:54:47.563] [TTC]  person#280(f23) ahead: dist=36cm vel=-7.6cm/s TTC=4.8s tier=AWARE ego=OK
[17:54:47.568] [TTC]  person#280(f23) ahead: dist=34cm vel=-8.8cm/s TTC=3.9s tier=WARN ego=OK
[17:54:47.796] [TTC]  person#284(f5) ahead: dist=27cm vel=-24.6cm/s TTC=1.1s tier=URGENT ego=OK
[17:54:47.801] [TTC]  person#284(f5) ahead: dist=27cm vel=-34.7cm/s TTC=0.8s tier=URGENT ego=OK
[17:54:47.995] [TTC]  person#284(f6) ahead: dist=25cm vel=-29.1cm/s TTC=0.9s tier=URGENT ego=BAD
[17:54:48.000] [TTC]  person#284(f6) on your left: dist=32cm vel=-14.5cm/s TTC=2.2s tier=WARN ego=BAD
[17:54:48.227] [TTC]  person#284(f7) on your left: dist=31cm vel=-7.3cm/s TTC=4.3s tier=AWARE ego=BAD
[17:54:48.600] [TTC]  person#284(f9) on your left: dist=22cm vel=-14.6cm/s TTC=1.5s tier=URGENT ego=BAD
[17:54:48.789] [TTC]  person#284(f10) on your left: dist=21cm vel=-24.2cm/s TTC=0.9s tier=URGENT ego=BAD
[17:54:48.794] [TTC]  person#284(f10) on your left: dist=24cm vel=-12.1cm/s TTC=2.0s tier=URGENT ego=BAD
[17:54:48.993] [TTC]  person#284(f10) on your left: dist=23cm vel=-6.0cm/s TTC=3.8s tier=WARN ego=BAD
[17:54:50.032] [LATENCY] label=URGENT text="person ahead, 0.5 meters" event_created=1779299686.902 enqueued=0.000s tts_start=0.159s play_start=0.164s play_end=3.130s queue_wait=0.159s synth=0.005s launch_wait=0.000s mode=clip_alert cache=hit cold_stream=no silence_ms=0
[17:54:50.033] [VOICE] URGENT: "person on your left, 0.5 meters"
[17:54:53.397] [TTC]  person#287(f3) on your left: dist=26cm vel=-19.0cm/s TTC=1.4s tier=URGENT ego=BAD
[17:54:53.434] [LATENCY] label=URGENT text="person on your left, 0.5 meters" event_created=1779299690.030 enqueued=0.000s tts_start=0.004s play_start=0.006s play_end=3.379s queue_wait=0.004s synth=0.001s launch_wait=0.000s mode=clip_alert cache=hit cold_stream=no silence_ms=0
[17:54:53.437] [VOICE] URGENT: "person on your left, 0.2 meters"
[17:54:53.442] [TTC]  person#286(f10) ahead: dist=34cm vel=-6.7cm/s TTC=5.1s tier=AWARE ego=BAD
[17:54:54.134] [TTC]  person#286(f10) ahead: dist=36cm vel=-13.9cm/s TTC=2.6s tier=WARN ego=OK
[17:54:54.335] [TTC]  person#287(f4) on your left: dist=34cm vel=-20.7cm/s TTC=1.6s tier=URGENT ego=OK
[17:54:54.338] [TTC]  person#287(f4) on your left: dist=25cm vel=-26.5cm/s TTC=0.9s tier=URGENT ego=OK
[17:54:54.532] [TTC]  person#287(f5) on your left: dist=26cm vel=-31.2cm/s TTC=0.8s tier=URGENT ego=OK
[17:54:54.535] [TTC]  person#287(f5) on your left: dist=27cm vel=-26.1cm/s TTC=1.0s tier=URGENT ego=OK
[17:54:54.736] [TTC]  person#287(f6) on your left: dist=27cm vel=-11.4cm/s TTC=2.4s tier=WARN ego=OK
[17:54:54.740] [TTC]  person#287(f6) on your left: dist=27cm vel=-4.0cm/s TTC=6.8s tier=AWARE ego=OK
[17:54:56.649] [LATENCY] label=URGENT text="person on your left, 0.2 meters" event_created=1779299693.397 enqueued=0.000s tts_start=0.042s play_start=0.045s play_end=3.251s queue_wait=0.042s synth=0.003s launch_wait=0.000s mode=clip_alert cache=hit cold_stream=no silence_ms=0
[17:54:56.652] [VOICE] URGENT: "person on your left, 0.5 meters"
[17:54:57.241] [TTC]  person#287(f12) on your left: dist=30cm vel=-34.1cm/s TTC=0.9s tier=URGENT ego=OK
[17:54:57.436] [TTC]  person#287(f13) on your left: dist=29cm vel=-51.1cm/s TTC=0.6s tier=URGENT ego=OK
[17:54:57.441] [TTC]  person#287(f13) on your left: dist=27cm vel=-59.6cm/s TTC=0.5s tier=URGENT ego=OK
[17:54:57.639] [TTC]  person#287(f14) on your left: dist=27cm vel=-63.9cm/s TTC=0.4s tier=URGENT ego=OK
[17:54:57.643] [TTC]  person#287(f14) on your left: dist=30cm vel=-53.3cm/s TTC=0.6s tier=URGENT ego=OK
[17:54:57.840] [TTC]  person#287(f14) on your left: dist=29cm vel=-48.0cm/s TTC=0.6s tier=URGENT ego=OK
[17:54:57.845] [TTC]  person#287(f14) on your left: dist=28cm vel=-24.0cm/s TTC=1.2s tier=URGENT ego=OK
[17:54:58.037] [TTC]  person#287(f15) on your left: dist=29cm vel=-12.0cm/s TTC=2.4s tier=WARN ego=OK
[17:54:58.041] [TTC]  person#287(f15) on your left: dist=27cm vel=-9.1cm/s TTC=3.0s tier=WARN ego=OK
[17:54:58.237] [TTC]  person#287(f16) on your left: dist=28cm vel=-7.7cm/s TTC=3.6s tier=WARN ego=OK
[17:54:58.241] [TTC]  person#287(f16) on your left: dist=29cm vel=-7.0cm/s TTC=4.2s tier=AWARE ego=OK
[17:54:58.438] [TTC]  person#290(f15) ahead: dist=34cm vel=-6.6cm/s TTC=5.1s tier=AWARE ego=BAD
[17:54:58.444] [TTC]  person#290(f15) ahead: dist=34cm vel=-6.4cm/s TTC=5.3s tier=AWARE ego=BAD
[17:54:58.821] [TTC]  person#290(f16) ahead: dist=34cm vel=-6.3cm/s TTC=5.4s tier=AWARE ego=BAD
[17:54:59.041] [TTC]  person#290(f17) ahead: dist=33cm vel=-6.3cm/s TTC=5.3s tier=AWARE ego=BAD
[17:54:59.069] [TTC]  person#290(f17) ahead: dist=34cm vel=-6.2cm/s TTC=5.4s tier=AWARE ego=BAD
[17:54:59.270] [TTC]  person#290(f18) ahead: dist=33cm vel=-6.2cm/s TTC=5.3s tier=AWARE ego=BAD
[17:54:59.279] [TTC]  person#290(f18) ahead: dist=34cm vel=-6.2cm/s TTC=5.4s tier=AWARE ego=BAD
[17:54:59.471] [TTC]  dining table#292(f4) ahead: dist=45cm vel=-119.4cm/s TTC=0.4s tier=URGENT ego=BAD
[17:54:59.479] [TTC]  dining table#292(f4) ahead: dist=45cm vel=-62.8cm/s TTC=0.7s tier=URGENT ego=BAD
[17:54:59.673] [TTC]  dining table#292(f4) ahead: dist=45cm vel=-168.1cm/s TTC=0.3s tier=URGENT ego=BAD
[17:54:59.682] [TTC]  dining table#292(f4) ahead: dist=45cm vel=-87.2cm/s TTC=0.5s tier=URGENT ego=BAD
[17:54:59.873] [TTC]  dining table#292(f5) ahead: dist=45cm vel=-46.7cm/s TTC=1.0s tier=URGENT ego=BAD
[17:54:59.882] [TTC]  dining table#292(f5) ahead: dist=45cm vel=-26.5cm/s TTC=1.7s tier=URGENT ego=BAD
[17:55:00.077] [LATENCY] label=URGENT text="person on your left, 0.5 meters" event_created=1779299696.142 enqueued=0.000s tts_start=0.512s play_start=0.515s play_end=3.935s queue_wait=0.512s synth=0.002s launch_wait=0.000s mode=clip_alert cache=hit cold_stream=no silence_ms=0
[17:55:00.077] [VOICE] URGENT: "person ahead, 0.5 meters"
[17:55:00.110] [VOICE] Dropped CLEAR (busy_audio_channel): "path clear"
[17:55:00.111] [TTC]  person#293(f6) on your left: dist=25cm vel=-6.2cm/s TTC=4.0s tier=AWARE ego=BAD
[17:55:00.161] [TTC]  person#293(f6) on your left: dist=25cm vel=-6.2cm/s TTC=4.0s tier=AWARE ego=BAD
[17:55:00.444] [TTC]  person#293(f7) on your left: dist=25cm vel=-6.2cm/s TTC=4.0s tier=AWARE ego=BAD
[17:55:00.477] [TTC]  person#293(f7) on your left: dist=24cm vel=-6.2cm/s TTC=3.8s tier=WARN ego=BAD
[17:55:00.703] [TTC]  person#293(f8) on your left: dist=24cm vel=-6.2cm/s TTC=3.8s tier=WARN ego=BAD
[17:55:00.710] [TTC]  person#293(f8) on your left: dist=25cm vel=-6.2cm/s TTC=4.0s tier=AWARE ego=BAD
[17:55:00.872] [TTC]  person#293(f8) on your left: dist=25cm vel=-6.2cm/s TTC=4.0s tier=AWARE ego=BAD
[17:55:00.879] [TTC]  person#293(f8) on your left: dist=25cm vel=-6.2cm/s TTC=4.0s tier=AWARE ego=BAD
[17:55:01.043] [TTC]  person#293(f9) on your left: dist=26cm vel=-6.2cm/s TTC=4.2s tier=AWARE ego=BAD
[17:55:01.048] [VOICE] Dropped CLEAR (busy_audio_channel): "path clear"
[17:55:01.048] [TTC]  person#293(f9) on your left: dist=29cm vel=-6.2cm/s TTC=4.6s tier=AWARE ego=BAD
[17:55:01.237] [TTC]  person#293(f9) on your left: dist=29cm vel=-6.2cm/s TTC=4.6s tier=AWARE ego=OK
[17:55:01.410] [TTC]  person#293(f10) on your left: dist=28cm vel=-3.9cm/s TTC=7.2s tier=AWARE ego=OK
[17:55:01.606] [TTC]  person#293(f10) on your left: dist=28cm vel=-5.1cm/s TTC=5.5s tier=AWARE ego=OK
[17:55:01.610] [TTC]  person#293(f10) on your left: dist=27cm vel=-5.7cm/s TTC=4.8s tier=AWARE ego=OK
[17:55:01.810] [TTC]  person#293(f10) on your left: dist=27cm vel=-6.0cm/s TTC=4.5s tier=AWARE ego=OK
[17:55:01.815] [TTC]  person#293(f10) on your left: dist=28cm vel=-4.7cm/s TTC=5.9s tier=AWARE ego=OK
[17:55:02.007] [TTC]  person#293(f10) on your left: dist=29cm vel=-4.1cm/s TTC=7.0s tier=AWARE ego=OK
[17:55:02.011] [TTC]  person#293(f10) on your left: dist=32cm vel=-3.8cm/s TTC=8.4s tier=NONE ego=OK
[17:55:02.174] [TTC]  person#293(f10) on your left: dist=32cm vel=-3.7cm/s TTC=8.7s tier=NONE ego=BAD
[17:55:02.340] [VOICE] Dropped CLEAR (busy_audio_channel): "person moving away"
[17:55:02.538] [VOICE] Dropped CLEAR (busy_audio_channel): "path clear"
[17:55:03.099] [LATENCY] label=URGENT text="person ahead, 0.5 meters" event_created=1779299699.279 enqueued=0.000s tts_start=0.799s play_start=0.803s play_end=3.820s queue_wait=0.799s synth=0.004s launch_wait=0.000s mode=clip_alert cache=hit cold_stream=no silence_ms=0
[17:55:03.099] [VOICE] URGENT: "person on your left, 0.5 meters"
[17:55:03.316] [TTC]  person#290(f31) ahead: dist=36cm vel=-14.5cm/s TTC=2.5s tier=WARN ego=BAD
[17:55:03.325] [TTC]  person#290(f31) ahead: dist=37cm vel=-17.7cm/s TTC=2.1s tier=WARN ego=BAD
[17:55:03.544] [TTC]  person#290(f31) ahead: dist=37cm vel=-14.6cm/s TTC=2.5s tier=WARN ego=BAD
[17:55:03.567] [TTC]  person#290(f31) ahead: dist=37cm vel=-7.3cm/s TTC=5.1s tier=AWARE ego=BAD
[17:55:04.618] [TTC]  person#290(f34) ahead: dist=34cm vel=-6.8cm/s TTC=5.0s tier=AWARE ego=OK
[17:55:04.842] [TTC]  person#290(f34) ahead: dist=34cm vel=-10.1cm/s TTC=3.4s tier=WARN ego=OK
[17:55:05.044] [VOICE] Dropped CLEAR (busy_audio_channel): "path clear"
[17:55:06.043] [VOICE] Dropped CLEAR (busy_audio_channel): "path clear"
[17:55:06.551] [LATENCY] label=URGENT text="person on your left, 0.5 meters" event_created=1779299702.345 enqueued=0.000s tts_start=0.783s play_start=0.835s play_end=4.206s queue_wait=0.783s synth=0.051s launch_wait=0.000s mode=clip_alert cache=hit cold_stream=no silence_ms=0
[17:55:06.551] [VOICE] URGENT: "person on your left, 0.2 meters"
[17:55:07.310] [VOICE] Dropped CLEAR (busy_audio_channel): "path clear"
[17:55:07.946] [VOICE] Dropped CLEAR (busy_audio_channel): "path clear"
[17:55:08.812] [VOICE] Dropped CLEAR (busy_audio_channel): "path clear"
[17:55:08.812] [TTC]  person#300(f3) ahead: dist=23cm vel=-44.4cm/s TTC=0.5s tier=URGENT ego=BAD
[17:55:08.819] [TTC]  person#300(f3) ahead: dist=18cm vel=-105.9cm/s TTC=0.2s tier=URGENT ego=BAD
[17:55:09.043] [TTC]  person#300(f4) ahead: dist=18cm vel=-121.5cm/s TTC=0.1s tier=URGENT ego=BAD
[17:55:09.050] [TTC]  person#300(f4) ahead: dist=45cm vel=-77.9cm/s TTC=0.6s tier=URGENT ego=BAD
[17:55:09.245] [TTC]  person#300(f4) ahead: dist=45cm vel=-5.6cm/s TTC=8.0s tier=NONE ego=BAD
[17:55:09.811] [LATENCY] label=URGENT text="person on your left, 0.2 meters" event_created=1779299706.445 enqueued=0.000s tts_start=0.107s play_start=0.110s play_end=3.342s queue_wait=0.107s synth=0.003s launch_wait=0.000s mode=clip_alert cache=hit cold_stream=no silence_ms=0
[17:55:09.812] [VOICE] URGENT: "person ahead, 0.2 meters"
[17:55:11.549] [VOICE] Dropped CLEAR (busy_audio_channel): "path clear"
[17:55:12.489] [LATENCY] label=URGENT text="person ahead, 0.2 meters" event_created=1779299709.044 enqueued=0.000s tts_start=0.770s play_start=0.799s play_end=3.444s queue_wait=0.770s synth=0.029s launch_wait=0.000s mode=clip_alert cache=hit cold_stream=no silence_ms=0
[17:55:12.490] [VOICE] URGENT: "Obstacle, 0.5 meters"
[17:55:13.990] [VOICE] Dropped CLEAR (busy_audio_channel): "person moved aside"
[17:55:15.387] [LATENCY] label=URGENT text="Obstacle, 0.5 meters" event_created=1779299710.150 enqueued=0.000s tts_start=2.341s play_start=2.342s play_end=5.238s queue_wait=2.341s synth=0.001s launch_wait=0.000s mode=clip_alert cache=hit cold_stream=no silence_ms=0
[17:55:15.388] [VOICE] WARN: "person on your left, 0.8 meters"
[17:55:16.021] [VOICE] Dropped CLEAR (busy_audio_channel): "path clear"
[17:55:17.621] [TTC]  dining table#312(f13) ahead: dist=45cm vel=-8.7cm/s TTC=5.2s tier=AWARE ego=BAD
[17:55:18.519] [VOICE] Dropped CLEAR (busy_audio_channel): "path clear"
[17:55:18.682] [LATENCY] label=WARN text="person on your left, 0.8 meters" event_created=1779299715.258 enqueued=0.000s tts_start=0.132s play_start=0.159s play_end=3.424s queue_wait=0.132s synth=0.026s launch_wait=0.000s mode=clip_alert cache=hit cold_stream=no silence_ms=0
[17:55:18.701] [VOICE] WARN: "obstacle ahead, 0.5 meters"
[17:55:19.217] [TTC]  dining table#312(f18) ahead: dist=45cm vel=-9.4cm/s TTC=4.8s tier=AWARE ego=BAD
[17:55:19.222] [TTC]  dining table#312(f18) ahead: dist=45cm vel=-19.0cm/s TTC=2.4s tier=WARN ego=BAD
[17:55:19.418] [TTC]  dining table#312(f18) ahead: dist=45cm vel=-17.5cm/s TTC=2.6s tier=WARN ego=BAD
[17:55:19.423] [TTC]  dining table#312(f18) ahead: dist=45cm vel=-8.7cm/s TTC=5.2s tier=AWARE ego=BAD
[17:55:21.961] [LATENCY] label=WARN text="obstacle ahead, 0.5 meters" event_created=1779299718.524 enqueued=0.000s tts_start=0.195s play_start=0.205s play_end=3.438s queue_wait=0.195s synth=0.009s launch_wait=0.000s mode=clip_alert cache=hit cold_stream=no silence_ms=0
[17:55:21.962] [VOICE] WARN: "person on your left, 0.8 meters"
[17:55:21.994] [VOICE] Dropped CLEAR (busy_audio_channel): "path clear"
[17:55:22.621] [VOICE_POLICY] person#313(f26) on your right: dist=183cm raw_vel=0.0cm/s eff_vel=0.0cm/s ttc=n/a score=5.8 tier=NONE reason=static_stationary_suppression user=still ego=BAD
[17:55:24.594] [VOICE_POLICY] person#320(f4) on your left: dist=75cm raw_vel=-51.1cm/s eff_vel=0.0cm/s ttc=n/a score=64.5 tier=WARNING reason=side_pass_warning user=moving ego=BAD
[17:55:25.163] [VOICE] Dropped CLEAR (busy_audio_channel): "person moved away"
[17:55:25.297] [LATENCY] label=WARN text="person on your left, 0.8 meters" event_created=1779299721.797 enqueued=0.000s tts_start=0.167s play_start=0.193s play_end=3.501s queue_wait=0.167s synth=0.026s launch_wait=0.000s mode=clip_alert cache=hit cold_stream=no silence_ms=0
[17:55:25.332] [VOICE] WARN: "Watch out, person on your left, 0.8 meters"
[17:55:26.556] [VOICE_POLICY] person#320(f6) on your left: dist=75cm raw_vel=-15.6cm/s eff_vel=0.0cm/s ttc=n/a score=64.5 tier=WARNING reason=side_pass_warning user=moving ego=BAD
[17:55:27.362] [TTC]  person#320(f8) on your left: dist=66cm vel=-11.4cm/s TTC=5.8s tier=AWARE ego=OK
[17:55:27.366] [TTC]  person#320(f8) on your left: dist=66cm vel=-5.7cm/s TTC=11.6s tier=NONE ego=OK
[17:55:29.331] [LATENCY] label=WARN text="Watch out, person on your left, 0.8 mete" event_created=1779299725.156 enqueued=0.000s tts_start=0.250s play_start=0.274s play_end=4.175s queue_wait=0.250s synth=0.024s launch_wait=0.000s mode=clip_alert cache=hit cold_stream=no silence_ms=0
[17:55:29.333] [VOICE] Expired (3.4s old, TTL=3.0s): "Obstacle, 0.5 meters"
[17:55:29.333] [VOICE] WARN: "person on your left, 0.8 meters"
[17:55:29.868] [TTC]  person#320(f20) on your left: dist=65cm vel=-24.0cm/s TTC=2.7s tier=WARN ego=OK
[17:55:30.065] [TTC]  person#320(f21) on your left: dist=65cm vel=-36.1cm/s TTC=1.8s tier=URGENT ego=OK
[17:55:30.070] [TTC]  person#320(f21) on your left: dist=65cm vel=-36.6cm/s TTC=1.8s tier=URGENT ego=OK
[17:55:30.294] [VOICE] Dropped AWARE (busy_audio_channel): "person on your right, 2.0 meters"
[17:55:30.294] [TTC]  person#313(f64) on your right: dist=186cm vel=-36.9cm/s TTC=5.0s tier=AWARE ego=OK
[17:55:30.298] [TTC]  person#320(f22) on your left: dist=65cm vel=-18.4cm/s TTC=3.5s tier=WARN ego=OK
[17:55:30.526] [TTC]  person#320(f23) on your left: dist=64cm vel=-9.2cm/s TTC=6.9s tier=AWARE ego=OK
[17:55:30.970] [TTC]  person#313(f67) on your right: dist=45cm vel=-125.3cm/s TTC=0.4s tier=URGENT ego=BAD
[17:55:31.164] [TTC]  person#313(f67) on your right: dist=45cm vel=-265.7cm/s TTC=0.2s tier=URGENT ego=BAD
[17:55:31.396] [TTC]  person#313(f68) on your right: dist=47cm vel=-12.8cm/s TTC=3.7s tier=WARN ego=BAD
[17:55:31.598] [TTC]  person#313(f68) on your right: dist=46cm vel=-6.4cm/s TTC=7.2s tier=AWARE ego=BAD
[17:55:32.558] [TTC]  person#320(f33) on your left: dist=23cm vel=-47.7cm/s TTC=0.5s tier=URGENT ego=BAD
[17:55:32.629] [LATENCY] label=WARN text="person on your left, 0.8 meters" event_created=1779299729.200 enqueued=0.000s tts_start=0.136s play_start=0.138s play_end=3.430s queue_wait=0.136s synth=0.001s launch_wait=0.000s mode=clip_alert cache=hit cold_stream=no silence_ms=0
[17:55:32.660] [VOICE] URGENT: "person on your left, 0.2 meters"
[17:55:32.900] [TTC]  person#320(f34) on your left: dist=23cm vel=-47.7cm/s TTC=0.5s tier=URGENT ego=BAD
[17:55:32.926] [TTC]  person#320(f34) on your left: dist=66cm vel=-23.8cm/s TTC=2.8s tier=WARN ego=BAD
[17:55:33.195] [TTC]  person#320(f34) on your left: dist=66cm vel=-11.9cm/s TTC=5.5s tier=AWARE ego=BAD
[17:55:33.202] [VOICE] Dropped CLEAR (busy_audio_channel): "person moved away"
[17:55:33.202] [VOICE_POLICY] person#320(f34) on your left: dist=165cm raw_vel=47.4cm/s eff_vel=0.0cm/s ttc=n/a score=6.8 tier=NONE reason=static_stationary_suppression user=still ego=BAD
[17:55:33.573] [TTC]  person#320(f36) on your left: dist=61cm vel=-121.1cm/s TTC=0.5s tier=URGENT ego=BAD
[17:55:33.797] [TTC]  person#320(f37) on your left: dist=60cm vel=-60.5cm/s TTC=1.0s tier=URGENT ego=BAD
[17:55:33.804] [TTC]  person#320(f37) on your left: dist=61cm vel=-30.3cm/s TTC=2.0s tier=WARN ego=BAD
[17:55:33.997] [TTC]  person#320(f38) on your left: dist=62cm vel=-15.1cm/s TTC=4.1s tier=AWARE ego=BAD
[17:55:34.003] [TTC]  person#320(f38) on your left: dist=63cm vel=-7.6cm/s TTC=8.3s tier=NONE ego=BAD
[17:55:35.638] [TTC]  person#320(f42) on your left: dist=65cm vel=-8.0cm/s TTC=8.2s tier=NONE ego=BAD
[17:55:35.992] [LATENCY] label=URGENT text="person on your left, 0.2 meters" event_created=1779299732.539 enqueued=0.000s tts_start=0.193s play_start=0.196s play_end=3.453s queue_wait=0.193s synth=0.004s launch_wait=0.000s mode=clip_alert cache=hit cold_stream=no silence_ms=0
[17:55:35.992] [VOICE] WARN: "person on your left, 0.8 meters"
[17:55:36.404] [TTC]  person#328(f10) on your left: dist=63cm vel=-11.3cm/s TTC=5.6s tier=AWARE ego=OK
[17:55:36.663] [TTC]  person#328(f11) on your left: dist=62cm vel=-17.0cm/s TTC=3.7s tier=WARN ego=OK
                                                                                                                                                                                                                                                                                                                                                                                                                                                                                                                                                                                                                                                                                                                             